Archive member included to satisfy reference by file (symbol)

/usr/lib/gcc/arm-none-eabi/9.2.1/../../../arm-none-eabi/lib/thumb/v7e-m+fp/hard/libm.a(lib_a-w_pow.o)
                              .build/obj_preonic_rev3_drop_ed1ff/quantum/process_keycode/process_audio.o (pow)
/usr/lib/gcc/arm-none-eabi/9.2.1/../../../arm-none-eabi/lib/thumb/v7e-m+fp/hard/libm.a(lib_a-e_pow.o)
                              /usr/lib/gcc/arm-none-eabi/9.2.1/../../../arm-none-eabi/lib/thumb/v7e-m+fp/hard/libm.a(lib_a-w_pow.o) (__ieee754_pow)
/usr/lib/gcc/arm-none-eabi/9.2.1/../../../arm-none-eabi/lib/thumb/v7e-m+fp/hard/libm.a(lib_a-e_sqrt.o)
                              /usr/lib/gcc/arm-none-eabi/9.2.1/../../../arm-none-eabi/lib/thumb/v7e-m+fp/hard/libm.a(lib_a-e_pow.o) (__ieee754_sqrt)
/usr/lib/gcc/arm-none-eabi/9.2.1/../../../arm-none-eabi/lib/thumb/v7e-m+fp/hard/libm.a(lib_a-s_fabs.o)
                              /usr/lib/gcc/arm-none-eabi/9.2.1/../../../arm-none-eabi/lib/thumb/v7e-m+fp/hard/libm.a(lib_a-e_pow.o) (fabs)
/usr/lib/gcc/arm-none-eabi/9.2.1/../../../arm-none-eabi/lib/thumb/v7e-m+fp/hard/libm.a(lib_a-s_finite.o)
                              /usr/lib/gcc/arm-none-eabi/9.2.1/../../../arm-none-eabi/lib/thumb/v7e-m+fp/hard/libm.a(lib_a-w_pow.o) (finite)
/usr/lib/gcc/arm-none-eabi/9.2.1/../../../arm-none-eabi/lib/thumb/v7e-m+fp/hard/libm.a(lib_a-s_lib_ver.o)
                              /usr/lib/gcc/arm-none-eabi/9.2.1/../../../arm-none-eabi/lib/thumb/v7e-m+fp/hard/libm.a(lib_a-w_pow.o) (__fdlib_version)
/usr/lib/gcc/arm-none-eabi/9.2.1/../../../arm-none-eabi/lib/thumb/v7e-m+fp/hard/libm.a(lib_a-s_nan.o)
                              /usr/lib/gcc/arm-none-eabi/9.2.1/../../../arm-none-eabi/lib/thumb/v7e-m+fp/hard/libm.a(lib_a-e_pow.o) (nan)
/usr/lib/gcc/arm-none-eabi/9.2.1/../../../arm-none-eabi/lib/thumb/v7e-m+fp/hard/libm.a(lib_a-s_rint.o)
                              /usr/lib/gcc/arm-none-eabi/9.2.1/../../../arm-none-eabi/lib/thumb/v7e-m+fp/hard/libm.a(lib_a-w_pow.o) (rint)
/usr/lib/gcc/arm-none-eabi/9.2.1/../../../arm-none-eabi/lib/thumb/v7e-m+fp/hard/libm.a(lib_a-s_scalbn.o)
                              /usr/lib/gcc/arm-none-eabi/9.2.1/../../../arm-none-eabi/lib/thumb/v7e-m+fp/hard/libm.a(lib_a-e_pow.o) (scalbn)
/usr/lib/gcc/arm-none-eabi/9.2.1/thumb/v7e-m+fp/hard/libgcc.a(_arm_muldf3.o)
                              .build/obj_preonic_rev3_drop_ed1ff/quantum/process_keycode/process_audio.o (__aeabi_dmul)
/usr/lib/gcc/arm-none-eabi/9.2.1/thumb/v7e-m+fp/hard/libgcc.a(_arm_addsubdf3.o)
                              /usr/lib/gcc/arm-none-eabi/9.2.1/../../../arm-none-eabi/lib/thumb/v7e-m+fp/hard/libm.a(lib_a-e_pow.o) (__aeabi_dsub)
/usr/lib/gcc/arm-none-eabi/9.2.1/thumb/v7e-m+fp/hard/libgcc.a(_arm_muldivdf3.o)
                              /usr/lib/gcc/arm-none-eabi/9.2.1/../../../arm-none-eabi/lib/thumb/v7e-m+fp/hard/libm.a(lib_a-w_pow.o) (__aeabi_ddiv)
/usr/lib/gcc/arm-none-eabi/9.2.1/thumb/v7e-m+fp/hard/libgcc.a(_arm_cmpdf2.o)
                              /usr/lib/gcc/arm-none-eabi/9.2.1/../../../arm-none-eabi/lib/thumb/v7e-m+fp/hard/libm.a(lib_a-w_pow.o) (__aeabi_dcmpeq)
/usr/lib/gcc/arm-none-eabi/9.2.1/thumb/v7e-m+fp/hard/libgcc.a(_arm_unorddf2.o)
                              /usr/lib/gcc/arm-none-eabi/9.2.1/../../../arm-none-eabi/lib/thumb/v7e-m+fp/hard/libm.a(lib_a-w_pow.o) (__aeabi_dcmpun)
/usr/lib/gcc/arm-none-eabi/9.2.1/thumb/v7e-m+fp/hard/libgcc.a(_arm_truncdfsf2.o)
                              .build/obj_preonic_rev3_drop_ed1ff/quantum/process_keycode/process_audio.o (__aeabi_d2f)
/usr/lib/gcc/arm-none-eabi/9.2.1/thumb/v7e-m+fp/hard/libgcc.a(_aeabi_ldivmod.o)
                              .build/obj_preonic_rev3_drop_ed1ff/common/chibios/suspend.o (__aeabi_ldivmod)
/usr/lib/gcc/arm-none-eabi/9.2.1/thumb/v7e-m+fp/hard/libgcc.a(_aeabi_uldivmod.o)
                              .build/obj_preonic_rev3_drop_ed1ff/common/chibios/suspend.o (__aeabi_uldivmod)
/usr/lib/gcc/arm-none-eabi/9.2.1/thumb/v7e-m+fp/hard/libgcc.a(_udivmoddi4.o)
                              /usr/lib/gcc/arm-none-eabi/9.2.1/thumb/v7e-m+fp/hard/libgcc.a(_aeabi_ldivmod.o) (__udivmoddi4)
/usr/lib/gcc/arm-none-eabi/9.2.1/thumb/v7e-m+fp/hard/libgcc.a(_dvmd_tls.o)
                              /usr/lib/gcc/arm-none-eabi/9.2.1/thumb/v7e-m+fp/hard/libgcc.a(_aeabi_ldivmod.o) (__aeabi_ldiv0)
/usr/lib/gcc/arm-none-eabi/9.2.1/../../../arm-none-eabi/lib/thumb/v7e-m+fp/hard/libg_nano.a(lib_a-abort.o)
                              .build/obj_preonic_rev3_drop/lib/chibios/os/various/syscalls.o (abort)
/usr/lib/gcc/arm-none-eabi/9.2.1/../../../arm-none-eabi/lib/thumb/v7e-m+fp/hard/libg_nano.a(lib_a-atexit.o)
                              /usr/lib/gcc/arm-none-eabi/9.2.1/../../../arm-none-eabi/lib/thumb/v7e-m+fp/hard/crt0.o (atexit)
/usr/lib/gcc/arm-none-eabi/9.2.1/../../../arm-none-eabi/lib/thumb/v7e-m+fp/hard/libg_nano.a(lib_a-ctype_.o)
                              .build/obj_preonic_rev3_drop_ed1ff/quantum/send_string.o (_ctype_)
[...]
Memory Configuration

Name             Origin             Length             Attributes
flash0           0x0000000008000000 0x0000000000040000 xr
flash1           0x0000000000000000 0x0000000000000000 xr
flash2           0x0000000000000000 0x0000000000000000 xr
flash3           0x0000000000000000 0x0000000000000000 xr
flash4           0x0000000000000000 0x0000000000000000 xr
flash5           0x0000000000000000 0x0000000000000000 xr
flash6           0x0000000000000000 0x0000000000000000 xr
flash7           0x0000000000000000 0x0000000000000000 xr
ram0             0x0000000020000000 0x000000000000a000 xw
ram1             0x0000000000000000 0x0000000000000000 xw
ram2             0x0000000000000000 0x0000000000000000 xw
ram3             0x0000000000000000 0x0000000000000000 xw
ram4             0x0000000010000000 0x0000000000002000 xw
ram5             0x0000000000000000 0x0000000000000000 xw
ram6             0x0000000000000000 0x0000000000000000 xw
ram7             0x0000000000000000 0x0000000000000000 xw
*default*        0x0000000000000000 0xffffffffffffffff

Linker script and memory map

LOAD /usr/lib/gcc/arm-none-eabi/9.2.1/thumb/v7e-m+fp/hard/crti.o
LOAD /usr/lib/gcc/arm-none-eabi/9.2.1/thumb/v7e-m+fp/hard/crtbegin.o
LOAD /usr/lib/gcc/arm-none-eabi/9.2.1/../../../arm-none-eabi/lib/thumb/v7e-m+fp/hard/crt0.o
LOAD .build/obj_preonic_rev3_drop_ed1ff/matrix.o
LOAD .build/obj_preonic_rev3_drop_ed1ff/muse.o
LOAD .build/obj_preonic_rev3_drop_ed1ff/keyboards/preonic/preonic.o
LOAD .build/obj_preonic_rev3_drop_ed1ff/keyboards/preonic/rev3_drop/rev3_drop.o
LOAD .build/obj_preonic_rev3_drop_ed1ff/keyboards/preonic/keymaps/ed1ff/keymap.o
LOAD .build/obj_preonic_rev3_drop_ed1ff/quantum/quantum.o
LOAD .build/obj_preonic_rev3_drop_ed1ff/quantum/send_string.o
LOAD .build/obj_preonic_rev3_drop_ed1ff/quantum/bitwise.o
LOAD .build/obj_preonic_rev3_drop_ed1ff/quantum/led.o
LOAD .build/obj_preonic_rev3_drop_ed1ff/quantum/action.o
LOAD .build/obj_preonic_rev3_drop_ed1ff/quantum/action_layer.o
LOAD .build/obj_preonic_rev3_drop_ed1ff/quantum/action_macro.o
LOAD .build/obj_preonic_rev3_drop_ed1ff/quantum/action_tapping.o
LOAD .build/obj_preonic_rev3_drop_ed1ff/quantum/action_util.o
LOAD .build/obj_preonic_rev3_drop_ed1ff/quantum/eeconfig.o
LOAD .build/obj_preonic_rev3_drop_ed1ff/quantum/keyboard.o
LOAD .build/obj_preonic_rev3_drop_ed1ff/quantum/keymap_common.o
LOAD .build/obj_preonic_rev3_drop_ed1ff/quantum/keycode_config.o
LOAD .build/obj_preonic_rev3_drop_ed1ff/quantum/logging/debug.o
LOAD .build/obj_preonic_rev3_drop_ed1ff/quantum/logging/sendchar.o
LOAD .build/obj_preonic_rev3_drop_ed1ff/quantum/logging/print.o
LOAD .build/obj_preonic_rev3_drop_ed1ff/quantum/bootmagic/bootmagic_lite.o
LOAD .build/obj_preonic_rev3_drop_ed1ff/quantum/bootmagic/magic.o
LOAD .build/obj_preonic_rev3_drop_ed1ff/quantum/debounce/sym_defer_g.o
LOAD .build/obj_preonic_rev3_drop_ed1ff/quantum/main.o
LOAD .build/obj_preonic_rev3_drop_ed1ff/lib/printf/printf.o
LOAD .build/obj_preonic_rev3_drop_ed1ff/quantum/command.o
LOAD .build/obj_preonic_rev3_drop_ed1ff/quantum/process_keycode/process_audio.o
LOAD .build/obj_preonic_rev3_drop_ed1ff/quantum/process_keycode/process_clicky.o
LOAD .build/obj_preonic_rev3_drop_ed1ff/quantum/audio/audio.o
LOAD .build/obj_preonic_rev3_drop_ed1ff/quantum/audio/driver_chibios_dac_basic.o
LOAD .build/obj_preonic_rev3_drop_ed1ff/quantum/audio/voices.o
LOAD .build/obj_preonic_rev3_drop_ed1ff/quantum/audio/luts.o
LOAD .build/obj_preonic_rev3_drop_ed1ff/quantum/process_keycode/process_music.o
LOAD .build/obj_preonic_rev3_drop_ed1ff/quantum/mousekey.o
LOAD .build/obj_preonic_rev3_drop_ed1ff/common/chibios/eeprom_stm32.o
LOAD .build/obj_preonic_rev3_drop_ed1ff/common/chibios/flash_stm32.o
LOAD .build/obj_preonic_rev3_drop_ed1ff/quantum/color.o
LOAD .build/obj_preonic_rev3_drop_ed1ff/quantum/rgblight/rgblight.o
LOAD .build/obj_preonic_rev3_drop_ed1ff/quantum/process_keycode/process_rgb.o
LOAD .build/obj_preonic_rev3_drop_ed1ff/ws2812_pwm.o
LOAD .build/obj_preonic_rev3_drop_ed1ff/quantum/led_tables.o
LOAD .build/obj_preonic_rev3_drop_ed1ff/quantum/encoder.o
LOAD .build/obj_preonic_rev3_drop_ed1ff/quantum/dip_switch.o
LOAD .build/obj_preonic_rev3_drop_ed1ff/quantum/process_keycode/process_space_cadet.o
LOAD .build/obj_preonic_rev3_drop_ed1ff/quantum/process_keycode/process_magic.o
LOAD .build/obj_preonic_rev3_drop_ed1ff/quantum/process_keycode/process_grave_esc.o
LOAD .build/obj_preonic_rev3_drop_ed1ff/./lib/chibios/os/common/startup/ARMCMx/compilers/GCC/crt0_v7m.o
LOAD .build/obj_preonic_rev3_drop_ed1ff/./lib/chibios/os/common/startup/ARMCMx/compilers/GCC/vectors.o
LOAD .build/obj_preonic_rev3_drop_ed1ff/./lib/chibios/os/common/ports/ARMCMx/compilers/GCC/chcoreasm_v7m.o
LOAD .build/obj_preonic_rev3_drop_ed1ff/common/host.o
LOAD .build/obj_preonic_rev3_drop_ed1ff/common/report.o
LOAD .build/obj_preonic_rev3_drop_ed1ff/common/sync_timer.o
LOAD .build/obj_preonic_rev3_drop_ed1ff/common/usb_util.o
LOAD .build/obj_preonic_rev3_drop_ed1ff/common/chibios/platform.o
LOAD .build/obj_preonic_rev3_drop_ed1ff/common/chibios/suspend.o
LOAD .build/obj_preonic_rev3_drop_ed1ff/common/chibios/timer.o
LOAD .build/obj_preonic_rev3_drop_ed1ff/common/chibios/bootloader.o
LOAD .build/obj_preonic_rev3_drop_ed1ff/protocol/chibios/usb_main.o
LOAD .build/obj_preonic_rev3_drop_ed1ff/protocol/chibios/chibios.o
LOAD .build/obj_preonic_rev3_drop_ed1ff/usb_descriptor.o
LOAD .build/obj_preonic_rev3_drop_ed1ff/protocol/chibios/usb_driver.o
LOAD .build/obj_preonic_rev3_drop_ed1ff/protocol/chibios/usb_util.o
LOAD .build/obj_preonic_rev3_drop_ed1ff/./lib/chibios/os/oslib/src/chmboxes.o
LOAD .build/obj_preonic_rev3_drop_ed1ff/./lib/chibios/os/oslib/src/chmemcore.o
LOAD .build/obj_preonic_rev3_drop_ed1ff/./lib/chibios/os/oslib/src/chmemheaps.o
LOAD .build/obj_preonic_rev3_drop_ed1ff/./lib/chibios/os/oslib/src/chmempools.o
LOAD .build/obj_preonic_rev3_drop_ed1ff/./lib/chibios/os/oslib/src/chpipes.o
LOAD .build/obj_preonic_rev3_drop_ed1ff/./lib/chibios/os/oslib/src/chobjcaches.o
LOAD .build/obj_preonic_rev3_drop_ed1ff/./lib/chibios/os/oslib/src/chdelegates.o
LOAD .build/obj_preonic_rev3_drop_ed1ff/./lib/chibios/os/oslib/src/chfactory.o
LOAD .build/obj_preonic_rev3_drop/lib/chibios/os/common/startup/ARMCMx/compilers/GCC/crt1.o
LOAD .build/obj_preonic_rev3_drop/lib/chibios/os/rt/src/chsys.o
LOAD .build/obj_preonic_rev3_drop/lib/chibios/os/rt/src/chdebug.o
LOAD .build/obj_preonic_rev3_drop/lib/chibios/os/rt/src/chtrace.o
LOAD .build/obj_preonic_rev3_drop/lib/chibios/os/rt/src/chvt.o
LOAD .build/obj_preonic_rev3_drop/lib/chibios/os/rt/src/chschd.o
LOAD .build/obj_preonic_rev3_drop/lib/chibios/os/rt/src/chthreads.o
LOAD .build/obj_preonic_rev3_drop/lib/chibios/os/rt/src/chtm.o
LOAD .build/obj_preonic_rev3_drop/lib/chibios/os/rt/src/chstats.o
LOAD .build/obj_preonic_rev3_drop/lib/chibios/os/rt/src/chregistry.o
LOAD .build/obj_preonic_rev3_drop/lib/chibios/os/rt/src/chsem.o
LOAD .build/obj_preonic_rev3_drop/lib/chibios/os/rt/src/chmtx.o
LOAD .build/obj_preonic_rev3_drop/lib/chibios/os/rt/src/chcond.o
LOAD .build/obj_preonic_rev3_drop/lib/chibios/os/rt/src/chevents.o
LOAD .build/obj_preonic_rev3_drop/lib/chibios/os/rt/src/chmsg.o
LOAD .build/obj_preonic_rev3_drop/lib/chibios/os/rt/src/chdynamic.o
LOAD .build/obj_preonic_rev3_drop/lib/chibios/os/common/ports/ARMCMx/chcore.o
LOAD .build/obj_preonic_rev3_drop/lib/chibios/os/common/ports/ARMCMx/chcore_v7m.o
LOAD .build/obj_preonic_rev3_drop/lib/chibios/os/hal/osal/rt-nil/osal.o
LOAD .build/obj_preonic_rev3_drop/lib/chibios/os/hal/src/hal.o
LOAD .build/obj_preonic_rev3_drop/lib/chibios/os/hal/src/hal_st.o
LOAD .build/obj_preonic_rev3_drop/lib/chibios/os/hal/src/hal_buffers.o
LOAD .build/obj_preonic_rev3_drop/lib/chibios/os/hal/src/hal_queues.o
LOAD .build/obj_preonic_rev3_drop/lib/chibios/os/hal/src/hal_flash.o
LOAD .build/obj_preonic_rev3_drop/lib/chibios/os/hal/src/hal_mmcsd.o
LOAD .build/obj_preonic_rev3_drop/lib/chibios/os/hal/src/hal_adc.o
LOAD .build/obj_preonic_rev3_drop/lib/chibios/os/hal/src/hal_can.o
LOAD .build/obj_preonic_rev3_drop/lib/chibios/os/hal/src/hal_crypto.o
LOAD .build/obj_preonic_rev3_drop/lib/chibios/os/hal/src/hal_dac.o
LOAD .build/obj_preonic_rev3_drop/lib/chibios/os/hal/src/hal_efl.o
LOAD .build/obj_preonic_rev3_drop/lib/chibios/os/hal/src/hal_gpt.o
LOAD .build/obj_preonic_rev3_drop/lib/chibios/os/hal/src/hal_i2c.o
LOAD .build/obj_preonic_rev3_drop/lib/chibios/os/hal/src/hal_i2s.o
LOAD .build/obj_preonic_rev3_drop/lib/chibios/os/hal/src/hal_icu.o
LOAD .build/obj_preonic_rev3_drop/lib/chibios/os/hal/src/hal_mac.o
LOAD .build/obj_preonic_rev3_drop/lib/chibios/os/hal/src/hal_mmc_spi.o
LOAD .build/obj_preonic_rev3_drop/lib/chibios/os/hal/src/hal_pal.o
LOAD .build/obj_preonic_rev3_drop/lib/chibios/os/hal/src/hal_pwm.o
LOAD .build/obj_preonic_rev3_drop/lib/chibios/os/hal/src/hal_rtc.o
LOAD .build/obj_preonic_rev3_drop/lib/chibios/os/hal/src/hal_sdc.o
LOAD .build/obj_preonic_rev3_drop/lib/chibios/os/hal/src/hal_serial.o
LOAD .build/obj_preonic_rev3_drop/lib/chibios/os/hal/src/hal_serial_usb.o
LOAD .build/obj_preonic_rev3_drop/lib/chibios/os/hal/src/hal_sio.o
LOAD .build/obj_preonic_rev3_drop/lib/chibios/os/hal/src/hal_spi.o
LOAD .build/obj_preonic_rev3_drop/lib/chibios/os/hal/src/hal_trng.o
LOAD .build/obj_preonic_rev3_drop/lib/chibios/os/hal/src/hal_uart.o
LOAD .build/obj_preonic_rev3_drop/lib/chibios/os/hal/src/hal_usb.o
LOAD .build/obj_preonic_rev3_drop/lib/chibios/os/hal/src/hal_wdg.o
LOAD .build/obj_preonic_rev3_drop/lib/chibios/os/hal/src/hal_wspi.o
LOAD .build/obj_preonic_rev3_drop/lib/chibios/os/hal/ports/common/ARMCMx/nvic.o
LOAD .build/obj_preonic_rev3_drop/lib/chibios/os/hal/ports/STM32/STM32F3xx/stm32_isr.o
LOAD .build/obj_preonic_rev3_drop/lib/chibios/os/hal/ports/STM32/STM32F3xx/hal_lld.o
LOAD .build/obj_preonic_rev3_drop/lib/chibios/os/hal/ports/STM32/LLD/ADCv3/hal_adc_lld.o
LOAD .build/obj_preonic_rev3_drop/lib/chibios/os/hal/ports/STM32/LLD/CANv1/hal_can_lld.o
LOAD .build/obj_preonic_rev3_drop/lib/chibios/os/hal/ports/STM32/LLD/DACv1/hal_dac_lld.o
LOAD .build/obj_preonic_rev3_drop/lib/chibios/os/hal/ports/STM32/LLD/DMAv1/stm32_dma.o
LOAD .build/obj_preonic_rev3_drop/lib/chibios/os/hal/ports/STM32/LLD/EXTIv1/stm32_exti.o
LOAD .build/obj_preonic_rev3_drop/lib/chibios/os/hal/ports/STM32/LLD/GPIOv2/hal_pal_lld.o
LOAD .build/obj_preonic_rev3_drop/lib/chibios/os/hal/ports/STM32/LLD/I2Cv2/hal_i2c_lld.o
LOAD .build/obj_preonic_rev3_drop/lib/chibios/os/hal/ports/STM32/LLD/RTCv2/hal_rtc_lld.o
LOAD .build/obj_preonic_rev3_drop/lib/chibios/os/hal/ports/STM32/LLD/SPIv2/hal_i2s_lld.o
LOAD .build/obj_preonic_rev3_drop/lib/chibios/os/hal/ports/STM32/LLD/SPIv2/hal_spi_lld.o
LOAD .build/obj_preonic_rev3_drop/lib/chibios/os/hal/ports/STM32/LLD/TIMv1/hal_st_lld.o
LOAD .build/obj_preonic_rev3_drop/lib/chibios/os/hal/ports/STM32/LLD/TIMv1/hal_gpt_lld.o
LOAD .build/obj_preonic_rev3_drop/lib/chibios/os/hal/ports/STM32/LLD/TIMv1/hal_icu_lld.o
LOAD .build/obj_preonic_rev3_drop/lib/chibios/os/hal/ports/STM32/LLD/TIMv1/hal_pwm_lld.o
LOAD .build/obj_preonic_rev3_drop/lib/chibios/os/hal/ports/STM32/LLD/USARTv2/hal_serial_lld.o
LOAD .build/obj_preonic_rev3_drop/lib/chibios/os/hal/ports/STM32/LLD/USARTv2/hal_uart_lld.o
LOAD .build/obj_preonic_rev3_drop/lib/chibios/os/hal/ports/STM32/LLD/USBv1/hal_usb_lld.o
LOAD .build/obj_preonic_rev3_drop/lib/chibios/os/hal/ports/STM32/LLD/xWDGv1/hal_wdg_lld.o
LOAD .build/obj_preonic_rev3_drop/lib/chibios/os/hal/boards/ST_STM32F3_DISCOVERY/board.o
LOAD .build/obj_preonic_rev3_drop/lib/chibios/os/hal/lib/streams/chprintf.o
LOAD .build/obj_preonic_rev3_drop/lib/chibios/os/hal/lib/streams/memstreams.o
LOAD .build/obj_preonic_rev3_drop/lib/chibios/os/hal/lib/streams/nullstreams.o
LOAD .build/obj_preonic_rev3_drop/lib/chibios/os/various/syscalls.o
LOAD .build/obj_preonic_rev3_drop/common/chibios/syscall-fallbacks.o
LOAD .build/obj_preonic_rev3_drop/common/chibios/wait.o

.mstack         0x0000000020000000      0x400
                0x0000000020000000                . = ALIGN (0x8)
                0x0000000020000000                __main_stack_base__ = .
                0x0000000020000400                . = (. + __main_stack_size__)
 *fill*         0x0000000020000000      0x400 
                0x0000000020000400                . = ALIGN (0x8)
                0x0000000020000400                __main_stack_end__ = .

.pstack         0x0000000020000400      0x800
                0x0000000020000400                . = ALIGN (0x8)
                0x0000000020000400                __process_stack_base__ = .
                0x0000000020000400                __main_thread_stack_base__ = .
                0x0000000020000c00                . = (. + __process_stack_size__)
 *fill*         0x0000000020000400      0x800 
                0x0000000020000c00                . = ALIGN (0x8)
                0x0000000020000c00                __process_stack_end__ = .
                0x0000000020000c00                __main_thread_stack_end__ = .

.vectors        0x0000000008000000      0x1a0
 *(.vectors)
 .vectors       0x0000000008000000      0x1a0 .build/obj_preonic_rev3_drop_ed1ff/./lib/chibios/os/common/startup/ARMCMx/compilers/GCC/vectors.o
                0x0000000008000000                _vectors

.xtors          0x00000000080001a0        0x8
                0x00000000080001a0                __init_array_base__ = .
 *(SORT_BY_NAME(.init_array.*))
 *(.init_array)
 .init_array    0x00000000080001a0        0x4 /usr/lib/gcc/arm-none-eabi/9.2.1/thumb/v7e-m+fp/hard/crtbegin.o
                0x00000000080001a4                __init_array_end__ = .
                0x00000000080001a4                __fini_array_base__ = .
 *(.fini_array)
 .fini_array    0x00000000080001a4        0x4 /usr/lib/gcc/arm-none-eabi/9.2.1/thumb/v7e-m+fp/hard/crtbegin.o
 *(SORT_BY_NAME(.fini_array.*))
                0x00000000080001a8                __fini_array_end__ = .

.text           0x00000000080001b0     0xb016
                0x00000000080001b0                __text_base__ = .
 *(.text)
 .text          0x00000000080001b0       0x88 /usr/lib/gcc/arm-none-eabi/9.2.1/thumb/v7e-m+fp/hard/crtbegin.o
 .text          0x0000000008000238      0x120 .build/obj_preonic_rev3_drop_ed1ff/./lib/chibios/os/common/startup/ARMCMx/compilers/GCC/crt0_v7m.o
                0x0000000008000238                _crt0_entry
 .text          0x0000000008000358        0x8 .build/obj_preonic_rev3_drop_ed1ff/./lib/chibios/os/common/startup/ARMCMx/compilers/GCC/vectors.o
                0x0000000008000358                Reset_Handler
                0x000000000800035a                Vector58
                0x000000000800035a                VectorE8
                0x000000000800035a                Vector9C
                0x000000000800035a                DebugMon_Handler
                0x000000000800035a                Vector5C
                0x000000000800035a                HardFault_Handler
                0x000000000800035a                Vector19C
                0x000000000800035a                Vector8C
                0x000000000800035a                SysTick_Handler
                0x000000000800035a                VectorDC
                0x000000000800035a                PendSV_Handler
                0x000000000800035a                Vector168
                0x000000000800035a                NMI_Handler
                0x000000000800035a                Vector110
                0x000000000800035a                VectorC8
                0x000000000800035a                Vector94
                0x000000000800035a                Vector160
                0x000000000800035a                UsageFault_Handler
                0x000000000800035a                VectorEC
                0x000000000800035a                Vector40
                0x000000000800035a                VectorF8
                0x000000000800035a                Vector108
                0x000000000800035a                Vector190
                0x000000000800035a                Vector150
                0x000000000800035a                Vector148
                0x000000000800035a                Vector188
                0x000000000800035a                Vector198
                0x000000000800035a                Vector64
                0x000000000800035a                VectorCC
                0x000000000800035a                Vector54
                0x000000000800035a                Vector98
                0x000000000800035a                VectorD8
                0x000000000800035a                Vector138
                0x000000000800035a                Vector24
                0x000000000800035a                Vector178
                0x000000000800035a                VectorD0
                0x000000000800035a                Vector140
                0x000000000800035a                VectorE4
                0x000000000800035a                Vector158
                0x000000000800035a                Vector134
                0x000000000800035a                Vector13C
                0x000000000800035a                Vector100
                0x000000000800035a                VectorE0
                0x000000000800035a                VectorF4
                0x000000000800035a                MemManage_Handler
                0x000000000800035a                VectorC4
                0x000000000800035a                Vector180
                0x000000000800035a                Vector90
                0x000000000800035a                Vector114
                0x000000000800035a                Vector164
                0x000000000800035a                Vector60
                0x000000000800035a                Vector1C
                0x000000000800035a                Vector17C
                0x000000000800035a                Vector48
                0x000000000800035a                VectorD4
                0x000000000800035a                Vector4C
                0x000000000800035a                Vector144
                0x000000000800035a                Vector15C
                0x000000000800035a                Vector68
                0x000000000800035a                Vector170
                0x000000000800035a                Vector88
                0x000000000800035a                Vector104
                0x000000000800035a                Vector184
                0x000000000800035a                Vector10C
                0x000000000800035a                Vector14C
                0x000000000800035a                BusFault_Handler
                0x000000000800035a                Vector50
                0x000000000800035a                Vector194
                0x000000000800035a                Vector154
                0x000000000800035a                Vector44
                0x000000000800035a                Vector28
                0x000000000800035a                VectorB8
                0x000000000800035a                VectorFC
                0x000000000800035a                Vector34
                0x000000000800035a                Vector20
                0x000000000800035a                Vector18C
                0x000000000800035a                Vector174
                0x000000000800035e                _unhandled_exception
 .text          0x0000000008000360       0x32 .build/obj_preonic_rev3_drop_ed1ff/./lib/chibios/os/common/ports/ARMCMx/compilers/GCC/chcoreasm_v7m.o
                0x0000000008000360                _port_switch
                0x0000000008000378                _port_thread_start
                0x000000000800038a                _port_switch_from_isr
                0x000000000800038e                _port_exit_from_isr
 *fill*         0x0000000008000392        0x6 
 .text          0x0000000008000398      0x19c /usr/lib/gcc/arm-none-eabi/9.2.1/../../../arm-none-eabi/lib/thumb/v7e-m+fp/hard/libm.a(lib_a-w_pow.o)
                0x0000000008000398                pow
 *fill*         0x0000000008000534        0x4 
 .text          0x0000000008000538      0xad8 /usr/lib/gcc/arm-none-eabi/9.2.1/../../../arm-none-eabi/lib/thumb/v7e-m+fp/hard/libm.a(lib_a-e_pow.o)
                0x0000000008000538                __ieee754_pow
 .text          0x0000000008001010      0x198 /usr/lib/gcc/arm-none-eabi/9.2.1/../../../arm-none-eabi/lib/thumb/v7e-m+fp/hard/libm.a(lib_a-e_sqrt.o)
                0x0000000008001010                __ieee754_sqrt
 .text          0x00000000080011a8       0x14 /usr/lib/gcc/arm-none-eabi/9.2.1/../../../arm-none-eabi/lib/thumb/v7e-m+fp/hard/libm.a(lib_a-s_fabs.o)
                0x00000000080011a8                fabs
 .text          0x00000000080011bc       0x10 /usr/lib/gcc/arm-none-eabi/9.2.1/../../../arm-none-eabi/lib/thumb/v7e-m+fp/hard/libm.a(lib_a-s_finite.o)
                0x00000000080011bc                finite
 *fill*         0x00000000080011cc        0x4 
 .text          0x00000000080011d0       0x10 /usr/lib/gcc/arm-none-eabi/9.2.1/../../../arm-none-eabi/lib/thumb/v7e-m+fp/hard/libm.a(lib_a-s_nan.o)
                0x00000000080011d0                nan
 .text          0x00000000080011e0      0x120 /usr/lib/gcc/arm-none-eabi/9.2.1/../../../arm-none-eabi/lib/thumb/v7e-m+fp/hard/libm.a(lib_a-s_rint.o)
                0x00000000080011e0                rint
 .text          0x0000000008001300      0x124 /usr/lib/gcc/arm-none-eabi/9.2.1/../../../arm-none-eabi/lib/thumb/v7e-m+fp/hard/libm.a(lib_a-s_scalbn.o)
                0x0000000008001300                scalbn
 .text          0x0000000008001424      0x378 /usr/lib/gcc/arm-none-eabi/9.2.1/thumb/v7e-m+fp/hard/libgcc.a(_arm_addsubdf3.o)
                0x0000000008001424                __aeabi_drsub
                0x000000000800142c                __aeabi_dsub
                0x000000000800142c                __subdf3
                0x0000000008001430                __adddf3
                0x0000000008001430                __aeabi_dadd
                0x00000000080016a8                __aeabi_ui2d
                0x00000000080016a8                __floatunsidf
                0x00000000080016c8                __floatsidf
                0x00000000080016c8                __aeabi_i2d
                0x00000000080016ec                __extendsfdf2
                0x00000000080016ec                __aeabi_f2d
                0x0000000008001730                __aeabi_ul2d
                0x0000000008001730                __floatundidf
                0x0000000008001740                __floatdidf
                0x0000000008001740                __aeabi_l2d
 .text          0x000000000800179c      0x424 /usr/lib/gcc/arm-none-eabi/9.2.1/thumb/v7e-m+fp/hard/libgcc.a(_arm_muldivdf3.o)
                0x000000000800179c                __aeabi_dmul
                0x000000000800179c                __muldf3
                0x00000000080019f0                __aeabi_ddiv
                0x00000000080019f0                __divdf3
 .text          0x0000000008001bc0      0x110 /usr/lib/gcc/arm-none-eabi/9.2.1/thumb/v7e-m+fp/hard/libgcc.a(_arm_cmpdf2.o)
                0x0000000008001bc0                __gtdf2
                0x0000000008001bc0                __gedf2
                0x0000000008001bc8                __ltdf2
                0x0000000008001bc8                __ledf2
                0x0000000008001bd0                __cmpdf2
                0x0000000008001bd0                __eqdf2
                0x0000000008001bd0                __nedf2
                0x0000000008001c4c                __aeabi_cdrcmple
                0x0000000008001c5c                __aeabi_cdcmple
                0x0000000008001c5c                __aeabi_cdcmpeq
                0x0000000008001c6c                __aeabi_dcmpeq
                0x0000000008001c80                __aeabi_dcmplt
                0x0000000008001c94                __aeabi_dcmple
                0x0000000008001ca8                __aeabi_dcmpge
                0x0000000008001cbc                __aeabi_dcmpgt
 .text          0x0000000008001cd0       0x2c /usr/lib/gcc/arm-none-eabi/9.2.1/thumb/v7e-m+fp/hard/libgcc.a(_arm_unorddf2.o)
                0x0000000008001cd0                __aeabi_dcmpun
                0x0000000008001cd0                __unorddf2
 .text          0x0000000008001cfc       0xa0 /usr/lib/gcc/arm-none-eabi/9.2.1/thumb/v7e-m+fp/hard/libgcc.a(_arm_truncdfsf2.o)
                0x0000000008001cfc                __aeabi_d2f
                0x0000000008001cfc                __truncdfsf2
 .text          0x0000000008001d9c       0x30 /usr/lib/gcc/arm-none-eabi/9.2.1/thumb/v7e-m+fp/hard/libgcc.a(_aeabi_uldivmod.o)
                0x0000000008001d9c                __aeabi_uldivmod
 .text          0x0000000008001dcc      0x2c4 /usr/lib/gcc/arm-none-eabi/9.2.1/thumb/v7e-m+fp/hard/libgcc.a(_udivmoddi4.o)
                0x0000000008001dcc                __udivmoddi4
 .text          0x0000000008002090        0x4 /usr/lib/gcc/arm-none-eabi/9.2.1/thumb/v7e-m+fp/hard/libgcc.a(_dvmd_tls.o)
                0x0000000008002090                __aeabi_ldiv0
                0x0000000008002090                __aeabi_idiv0
 .text          0x0000000008002094        0xc /usr/lib/gcc/arm-none-eabi/9.2.1/../../../arm-none-eabi/lib/thumb/v7e-m+fp/hard/libg_nano.a(lib_a-errno.o)
                0x0000000008002094                __errno
 .text          0x00000000080020a0       0xa0 /usr/lib/gcc/arm-none-eabi/9.2.1/../../../arm-none-eabi/lib/thumb/v7e-m+fp/hard/libg_nano.a(lib_a-memchr.o)
                0x00000000080020a0                memchr
 .text          0x0000000008002140      0x134 /usr/lib/gcc/arm-none-eabi/9.2.1/../../../arm-none-eabi/lib/thumb/v7e-m+fp/hard/libg_nano.a(lib_a-memcpy.o)
                0x0000000008002140                memcpy
 .text          0x0000000008002274       0xa0 /usr/lib/gcc/arm-none-eabi/9.2.1/../../../arm-none-eabi/lib/thumb/v7e-m+fp/hard/libg_nano.a(lib_a-memset.o)
                0x0000000008002274                memset
 *(.text.*)
 .text.matrix_init_user
                0x0000000008002314        0x2 .build/obj_preonic_rev3_drop_ed1ff/matrix.o
                0x0000000008002314                matrix_init_user
 .text.matrix_init_kb
                0x0000000008002316        0x8 .build/obj_preonic_rev3_drop_ed1ff/matrix.o
                0x0000000008002316                matrix_init_kb
 .text.matrix_scan_kb
                0x000000000800231e        0x8 .build/obj_preonic_rev3_drop_ed1ff/matrix.o
                0x000000000800231e                matrix_scan_kb
 *fill*         0x0000000008002326        0x2 
 .text.matrix_init
                0x0000000008002328      0x104 .build/obj_preonic_rev3_drop_ed1ff/matrix.o
                0x0000000008002328                matrix_init
 .text.matrix_scan
                0x000000000800242c      0x1ac .build/obj_preonic_rev3_drop_ed1ff/matrix.o
                0x000000000800242c                matrix_scan
 .text.matrix_get_row
                0x00000000080025d8        0xc .build/obj_preonic_rev3_drop_ed1ff/matrix.o
                0x00000000080025d8                matrix_get_row
 .text.matrix_print
                0x00000000080025e4       0x8c .build/obj_preonic_rev3_drop_ed1ff/matrix.o
                0x00000000080025e4                matrix_print
 .text.bit_for_value
                0x0000000008002670       0x78 .build/obj_preonic_rev3_drop_ed1ff/muse.o
                0x0000000008002670                bit_for_value
 .text.muse_clock_pulse
                0x00000000080026e8       0xcc .build/obj_preonic_rev3_drop_ed1ff/muse.o
                0x00000000080026e8                muse_clock_pulse
 .text.process_record_user
                0x00000000080027b4       0x5a .build/obj_preonic_rev3_drop_ed1ff/keyboards/preonic/keymaps/ed1ff/keymap.o
                0x00000000080027b4                process_record_user
 *fill*         0x000000000800280e        0x2 
 .text.encoder_update_user
                0x0000000008002810       0x5c .build/obj_preonic_rev3_drop_ed1ff/keyboards/preonic/keymaps/ed1ff/keymap.o
                0x0000000008002810                encoder_update_user
 .text.dip_switch_update_user
                0x000000000800286c       0x2c .build/obj_preonic_rev3_drop_ed1ff/keyboards/preonic/keymaps/ed1ff/keymap.o
                0x000000000800286c                dip_switch_update_user
 .text.matrix_scan_user
                0x0000000008002898       0xa0 .build/obj_preonic_rev3_drop_ed1ff/keyboards/preonic/keymaps/ed1ff/keymap.o
                0x0000000008002898                matrix_scan_user
 .text.process_action_kb
                0x0000000008002938        0x4 .build/obj_preonic_rev3_drop_ed1ff/quantum/quantum.o
                0x0000000008002938                process_action_kb
 .text.process_record_kb
                0x000000000800293c        0x8 .build/obj_preonic_rev3_drop_ed1ff/quantum/quantum.o
                0x000000000800293c                process_record_kb
 .text.post_process_record_user
                0x0000000008002944        0x2 .build/obj_preonic_rev3_drop_ed1ff/quantum/quantum.o
                0x0000000008002944                post_process_record_user
 .text.post_process_record_kb
                0x0000000008002946        0x8 .build/obj_preonic_rev3_drop_ed1ff/quantum/quantum.o
                0x0000000008002946                post_process_record_kb
 *fill*         0x000000000800294e        0x2 
 .text.get_event_keycode
                0x0000000008002950       0x4c .build/obj_preonic_rev3_drop_ed1ff/quantum/quantum.o
                0x0000000008002950                get_event_keycode
 .text.get_record_keycode
                0x000000000800299c        0xc .build/obj_preonic_rev3_drop_ed1ff/quantum/quantum.o
                0x000000000800299c                get_record_keycode
 .text.pre_process_record_quantum
                0x00000000080029a8        0x4 .build/obj_preonic_rev3_drop_ed1ff/quantum/quantum.o
                0x00000000080029a8                pre_process_record_quantum
 .text.post_process_record_quantum
                0x00000000080029ac       0x12 .build/obj_preonic_rev3_drop_ed1ff/quantum/quantum.o
                0x00000000080029ac                post_process_record_quantum
 *fill*         0x00000000080029be        0x2 
 .text.set_single_persistent_default_layer
                0x00000000080029c0       0x2c .build/obj_preonic_rev3_drop_ed1ff/quantum/quantum.o
                0x00000000080029c0                set_single_persistent_default_layer
 .text.update_tri_layer_state
                0x00000000080029ec       0x1e .build/obj_preonic_rev3_drop_ed1ff/quantum/quantum.o
                0x00000000080029ec                update_tri_layer_state
 *fill*         0x0000000008002a0a        0x2 
 .text.update_tri_layer
                0x0000000008002a0c       0x1c .build/obj_preonic_rev3_drop_ed1ff/quantum/quantum.o
                0x0000000008002a0c                update_tri_layer
 .text.matrix_init_quantum
                0x0000000008002a28       0x16 .build/obj_preonic_rev3_drop_ed1ff/quantum/quantum.o
                0x0000000008002a28                matrix_init_quantum
 .text.matrix_scan_quantum
                0x0000000008002a3e       0x14 .build/obj_preonic_rev3_drop_ed1ff/quantum/quantum.o
                0x0000000008002a3e                matrix_scan_quantum
 .text.shutdown_user
                0x0000000008002a52        0x2 .build/obj_preonic_rev3_drop_ed1ff/quantum/quantum.o
                0x0000000008002a52                shutdown_user
 .text.reset_keyboard
                0x0000000008002a54       0x40 .build/obj_preonic_rev3_drop_ed1ff/quantum/quantum.o
                0x0000000008002a54                reset_keyboard
 .text.process_record_quantum
                0x0000000008002a94       0xec .build/obj_preonic_rev3_drop_ed1ff/quantum/quantum.o
                0x0000000008002a94                process_record_quantum
 .text.led_set_user
                0x0000000008002b80        0x2 .build/obj_preonic_rev3_drop_ed1ff/quantum/led.o
                0x0000000008002b80                led_set_user
 .text.led_set_kb
                0x0000000008002b82        0x8 .build/obj_preonic_rev3_drop_ed1ff/quantum/led.o
                0x0000000008002b82                led_set_kb
 .text.led_update_user
                0x0000000008002b8a        0x4 .build/obj_preonic_rev3_drop_ed1ff/quantum/led.o
                0x0000000008002b8a                led_update_user
 .text.led_update_kb
                0x0000000008002b8e        0x8 .build/obj_preonic_rev3_drop_ed1ff/quantum/led.o
                0x0000000008002b8e                led_update_kb
 .text.led_init_ports
                0x0000000008002b96        0x2 .build/obj_preonic_rev3_drop_ed1ff/quantum/led.o
                0x0000000008002b96                led_init_ports
 .text.led_set  0x0000000008002b98       0x10 .build/obj_preonic_rev3_drop_ed1ff/quantum/led.o
                0x0000000008002b98                led_set
 .text.action_exec
                0x0000000008002ba8       0x4c .build/obj_preonic_rev3_drop_ed1ff/quantum/action.o
                0x0000000008002ba8                action_exec
 .text.process_record_tap_hint
                0x0000000008002bf4        0x6 .build/obj_preonic_rev3_drop_ed1ff/quantum/action.o
                0x0000000008002bf4                process_record_tap_hint
 *fill*         0x0000000008002bfa        0x2 
 .text.register_code
                0x0000000008002bfc      0x108 .build/obj_preonic_rev3_drop_ed1ff/quantum/action.o
                0x0000000008002bfc                register_code
 .text.unregister_code
                0x0000000008002d04       0xba .build/obj_preonic_rev3_drop_ed1ff/quantum/action.o
                0x0000000008002d04                unregister_code
 .text.tap_code_delay
                0x0000000008002dbe       0x22 .build/obj_preonic_rev3_drop_ed1ff/quantum/action.o
                0x0000000008002dbe                tap_code_delay
 .text.tap_code
                0x0000000008002de0        0xc .build/obj_preonic_rev3_drop_ed1ff/quantum/action.o
                0x0000000008002de0                tap_code
 .text.register_mods
                0x0000000008002dec       0x12 .build/obj_preonic_rev3_drop_ed1ff/quantum/action.o
                0x0000000008002dec                register_mods
 .text.unregister_mods
                0x0000000008002dfe       0x12 .build/obj_preonic_rev3_drop_ed1ff/quantum/action.o
                0x0000000008002dfe                unregister_mods
 .text.process_action
                0x0000000008002e10      0x396 .build/obj_preonic_rev3_drop_ed1ff/quantum/action.o
                0x0000000008002e10                process_action
 .text.process_record_handler
                0x00000000080031a6       0x26 .build/obj_preonic_rev3_drop_ed1ff/quantum/action.o
                0x00000000080031a6                process_record_handler
 .text.process_record
                0x00000000080031cc       0x46 .build/obj_preonic_rev3_drop_ed1ff/quantum/action.o
                0x00000000080031cc                process_record
 .text.clear_keyboard_but_mods_and_keys
                0x0000000008003212       0x26 .build/obj_preonic_rev3_drop_ed1ff/quantum/action.o
                0x0000000008003212                clear_keyboard_but_mods_and_keys
 .text.clear_keyboard_but_mods
                0x0000000008003238        0xe .build/obj_preonic_rev3_drop_ed1ff/quantum/action.o
                0x0000000008003238                clear_keyboard_but_mods
 .text.clear_keyboard
                0x0000000008003246        0xe .build/obj_preonic_rev3_drop_ed1ff/quantum/action.o
                0x0000000008003246                clear_keyboard
 .text.is_tap_action
                0x0000000008003254       0x4e .build/obj_preonic_rev3_drop_ed1ff/quantum/action.o
                0x0000000008003254                is_tap_action
 .text.is_tap_record
                0x00000000080032a2       0x10 .build/obj_preonic_rev3_drop_ed1ff/quantum/action.o
                0x00000000080032a2                is_tap_record
 .text.debug_event
                0x00000000080032b2        0xc .build/obj_preonic_rev3_drop_ed1ff/quantum/action.o
                0x00000000080032b2                debug_event
 .text.debug_record
                0x00000000080032be        0xc .build/obj_preonic_rev3_drop_ed1ff/quantum/action.o
                0x00000000080032be                debug_record
 .text.default_layer_state_set_user
                0x00000000080032ca        0x2 .build/obj_preonic_rev3_drop_ed1ff/quantum/action_layer.o
                0x00000000080032ca                default_layer_state_set_user
 .text.default_layer_state_set_kb
                0x00000000080032cc        0x8 .build/obj_preonic_rev3_drop_ed1ff/quantum/action_layer.o
                0x00000000080032cc                default_layer_state_set_kb
 .text.default_layer_state_set
                0x00000000080032d4       0x18 .build/obj_preonic_rev3_drop_ed1ff/quantum/action_layer.o
 .text.default_layer_debug
                0x00000000080032ec        0x2 .build/obj_preonic_rev3_drop_ed1ff/quantum/action_layer.o
                0x00000000080032ec                default_layer_debug
 .text.default_layer_set
                0x00000000080032ee        0x4 .build/obj_preonic_rev3_drop_ed1ff/quantum/action_layer.o
                0x00000000080032ee                default_layer_set
 *fill*         0x00000000080032f2        0x2 
 .text.default_layer_or
                0x00000000080032f4       0x10 .build/obj_preonic_rev3_drop_ed1ff/quantum/action_layer.o
                0x00000000080032f4                default_layer_or
 .text.default_layer_and
                0x0000000008003304       0x10 .build/obj_preonic_rev3_drop_ed1ff/quantum/action_layer.o
                0x0000000008003304                default_layer_and
 .text.default_layer_xor
                0x0000000008003314       0x10 .build/obj_preonic_rev3_drop_ed1ff/quantum/action_layer.o
                0x0000000008003314                default_layer_xor
 .text.layer_state_set_user
                0x0000000008003324        0x2 .build/obj_preonic_rev3_drop_ed1ff/quantum/action_layer.o
                0x0000000008003324                layer_state_set_user
 .text.layer_state_set_kb
                0x0000000008003326        0x8 .build/obj_preonic_rev3_drop_ed1ff/quantum/action_layer.o
                0x0000000008003326                layer_state_set_kb
 *fill*         0x000000000800332e        0x2 
 .text.layer_state_set
                0x0000000008003330       0x18 .build/obj_preonic_rev3_drop_ed1ff/quantum/action_layer.o
                0x0000000008003330                layer_state_set
 .text.layer_clear
                0x0000000008003348        0x6 .build/obj_preonic_rev3_drop_ed1ff/quantum/action_layer.o
                0x0000000008003348                layer_clear
 *fill*         0x000000000800334e        0x2 
 .text.layer_state_is
                0x0000000008003350       0x1c .build/obj_preonic_rev3_drop_ed1ff/quantum/action_layer.o
                0x0000000008003350                layer_state_is
 .text.layer_move
                0x000000000800336c        0xa .build/obj_preonic_rev3_drop_ed1ff/quantum/action_layer.o
                0x000000000800336c                layer_move
 *fill*         0x0000000008003376        0x2 
 .text.layer_on
                0x0000000008003378       0x14 .build/obj_preonic_rev3_drop_ed1ff/quantum/action_layer.o
                0x0000000008003378                layer_on
 .text.layer_off
                0x000000000800338c       0x18 .build/obj_preonic_rev3_drop_ed1ff/quantum/action_layer.o
                0x000000000800338c                layer_off
 .text.layer_invert
                0x00000000080033a4       0x14 .build/obj_preonic_rev3_drop_ed1ff/quantum/action_layer.o
                0x00000000080033a4                layer_invert
 .text.layer_or
                0x00000000080033b8       0x10 .build/obj_preonic_rev3_drop_ed1ff/quantum/action_layer.o
                0x00000000080033b8                layer_or
 .text.layer_and
                0x00000000080033c8       0x10 .build/obj_preonic_rev3_drop_ed1ff/quantum/action_layer.o
                0x00000000080033c8                layer_and
 .text.layer_xor
                0x00000000080033d8       0x10 .build/obj_preonic_rev3_drop_ed1ff/quantum/action_layer.o
                0x00000000080033d8                layer_xor
 .text.layer_debug
                0x00000000080033e8        0x2 .build/obj_preonic_rev3_drop_ed1ff/quantum/action_layer.o
                0x00000000080033e8                layer_debug
 *fill*         0x00000000080033ea        0x2 
 .text.update_source_layers_cache
                0x00000000080033ec       0x48 .build/obj_preonic_rev3_drop_ed1ff/quantum/action_layer.o
                0x00000000080033ec                update_source_layers_cache
 .text.read_source_layers_cache
                0x0000000008003434       0x40 .build/obj_preonic_rev3_drop_ed1ff/quantum/action_layer.o
                0x0000000008003434                read_source_layers_cache
 .text.layer_switch_get_layer
                0x0000000008003474       0x40 .build/obj_preonic_rev3_drop_ed1ff/quantum/action_layer.o
                0x0000000008003474                layer_switch_get_layer
 .text.layer_switch_get_action
                0x00000000080034b4       0x18 .build/obj_preonic_rev3_drop_ed1ff/quantum/action_layer.o
                0x00000000080034b4                layer_switch_get_action
 .text.store_or_get_action
                0x00000000080034cc       0x48 .build/obj_preonic_rev3_drop_ed1ff/quantum/action_layer.o
                0x00000000080034cc                store_or_get_action
 .text.action_macro_play
                0x0000000008003514       0xb6 .build/obj_preonic_rev3_drop_ed1ff/quantum/action_macro.o
                0x0000000008003514                action_macro_play
 *fill*         0x00000000080035ca        0x2 
 .text.debug_waiting_buffer
                0x00000000080035cc       0x34 .build/obj_preonic_rev3_drop_ed1ff/quantum/action_tapping.o
 .text.debug_tapping_key
                0x0000000008003600       0x10 .build/obj_preonic_rev3_drop_ed1ff/quantum/action_tapping.o
 .text.waiting_buffer_scan_tap
                0x0000000008003610       0x98 .build/obj_preonic_rev3_drop_ed1ff/quantum/action_tapping.o
 .text.process_tapping
                0x00000000080036a8      0x300 .build/obj_preonic_rev3_drop_ed1ff/quantum/action_tapping.o
 .text.action_tapping_process
                0x00000000080039a8       0xdc .build/obj_preonic_rev3_drop_ed1ff/quantum/action_tapping.o
                0x00000000080039a8                action_tapping_process
 .text.add_key  0x0000000008003a84       0x10 .build/obj_preonic_rev3_drop_ed1ff/quantum/action_util.o
                0x0000000008003a84                add_key
 .text.del_key  0x0000000008003a94       0x10 .build/obj_preonic_rev3_drop_ed1ff/quantum/action_util.o
                0x0000000008003a94                del_key
 .text.clear_keys
                0x0000000008003aa4        0xc .build/obj_preonic_rev3_drop_ed1ff/quantum/action_util.o
                0x0000000008003aa4                clear_keys
 .text.get_oneshot_layer
                0x0000000008003ab0       0x10 .build/obj_preonic_rev3_drop_ed1ff/quantum/action_util.o
                0x0000000008003ab0                get_oneshot_layer
 .text.get_oneshot_layer_state
                0x0000000008003ac0       0x10 .build/obj_preonic_rev3_drop_ed1ff/quantum/action_util.o
                0x0000000008003ac0                get_oneshot_layer_state
 .text.is_oneshot_layer_active
                0x0000000008003ad0       0x14 .build/obj_preonic_rev3_drop_ed1ff/quantum/action_util.o
                0x0000000008003ad0                is_oneshot_layer_active
 .text.oneshot_set
                0x0000000008003ae4       0x40 .build/obj_preonic_rev3_drop_ed1ff/quantum/action_util.o
                0x0000000008003ae4                oneshot_set
 .text.oneshot_toggle
                0x0000000008003b24       0x18 .build/obj_preonic_rev3_drop_ed1ff/quantum/action_util.o
                0x0000000008003b24                oneshot_toggle
 .text.oneshot_enable
                0x0000000008003b3c        0x6 .build/obj_preonic_rev3_drop_ed1ff/quantum/action_util.o
                0x0000000008003b3c                oneshot_enable
 .text.oneshot_disable
                0x0000000008003b42        0x6 .build/obj_preonic_rev3_drop_ed1ff/quantum/action_util.o
                0x0000000008003b42                oneshot_disable
 .text.get_mods
                0x0000000008003b48        0xc .build/obj_preonic_rev3_drop_ed1ff/quantum/action_util.o
                0x0000000008003b48                get_mods
 .text.add_mods
                0x0000000008003b54       0x10 .build/obj_preonic_rev3_drop_ed1ff/quantum/action_util.o
                0x0000000008003b54                add_mods
 .text.del_mods
                0x0000000008003b64       0x10 .build/obj_preonic_rev3_drop_ed1ff/quantum/action_util.o
                0x0000000008003b64                del_mods
 .text.clear_mods
                0x0000000008003b74        0xc .build/obj_preonic_rev3_drop_ed1ff/quantum/action_util.o
                0x0000000008003b74                clear_mods
 .text.add_weak_mods
                0x0000000008003b80       0x10 .build/obj_preonic_rev3_drop_ed1ff/quantum/action_util.o
                0x0000000008003b80                add_weak_mods
 .text.del_weak_mods
                0x0000000008003b90       0x10 .build/obj_preonic_rev3_drop_ed1ff/quantum/action_util.o
                0x0000000008003b90                del_weak_mods
 .text.clear_weak_mods
                0x0000000008003ba0        0xc .build/obj_preonic_rev3_drop_ed1ff/quantum/action_util.o
                0x0000000008003ba0                clear_weak_mods
 .text.add_macro_mods
                0x0000000008003bac       0x10 .build/obj_preonic_rev3_drop_ed1ff/quantum/action_util.o
                0x0000000008003bac                add_macro_mods
 .text.del_macro_mods
                0x0000000008003bbc       0x10 .build/obj_preonic_rev3_drop_ed1ff/quantum/action_util.o
                0x0000000008003bbc                del_macro_mods
 .text.clear_macro_mods
                0x0000000008003bcc        0xc .build/obj_preonic_rev3_drop_ed1ff/quantum/action_util.o
                0x0000000008003bcc                clear_macro_mods
 .text.get_oneshot_mods
                0x0000000008003bd8        0xc .build/obj_preonic_rev3_drop_ed1ff/quantum/action_util.o
                0x0000000008003bd8                get_oneshot_mods
 .text.oneshot_mods_changed_user
                0x0000000008003be4        0x2 .build/obj_preonic_rev3_drop_ed1ff/quantum/action_util.o
                0x0000000008003be4                oneshot_mods_changed_user
 .text.oneshot_mods_changed_kb
                0x0000000008003be6        0x8 .build/obj_preonic_rev3_drop_ed1ff/quantum/action_util.o
                0x0000000008003be6                oneshot_mods_changed_kb
 *fill*         0x0000000008003bee        0x2 
 .text.set_oneshot_mods
                0x0000000008003bf0       0x24 .build/obj_preonic_rev3_drop_ed1ff/quantum/action_util.o
                0x0000000008003bf0                set_oneshot_mods
 .text.clear_oneshot_mods
                0x0000000008003c14       0x18 .build/obj_preonic_rev3_drop_ed1ff/quantum/action_util.o
                0x0000000008003c14                clear_oneshot_mods
 .text.send_keyboard_report
                0x0000000008003c2c       0x4c .build/obj_preonic_rev3_drop_ed1ff/quantum/action_util.o
                0x0000000008003c2c                send_keyboard_report
 .text.oneshot_layer_changed_user
                0x0000000008003c78        0x2 .build/obj_preonic_rev3_drop_ed1ff/quantum/action_util.o
                0x0000000008003c78                oneshot_layer_changed_user
 .text.oneshot_layer_changed_kb
                0x0000000008003c7a        0x8 .build/obj_preonic_rev3_drop_ed1ff/quantum/action_util.o
                0x0000000008003c7a                oneshot_layer_changed_kb
 *fill*         0x0000000008003c82        0x2 
 .text.set_oneshot_layer
                0x0000000008003c84       0x34 .build/obj_preonic_rev3_drop_ed1ff/quantum/action_util.o
                0x0000000008003c84                set_oneshot_layer
 .text.reset_oneshot_layer
                0x0000000008003cb8       0x14 .build/obj_preonic_rev3_drop_ed1ff/quantum/action_util.o
                0x0000000008003cb8                reset_oneshot_layer
 .text.clear_oneshot_layer_state
                0x0000000008003ccc       0x3c .build/obj_preonic_rev3_drop_ed1ff/quantum/action_util.o
                0x0000000008003ccc                clear_oneshot_layer_state
 .text.eeconfig_disable
                0x0000000008003d08       0x14 .build/obj_preonic_rev3_drop_ed1ff/quantum/eeconfig.o
                0x0000000008003d08                eeconfig_disable
 .text.eeconfig_is_enabled
                0x0000000008003d1c       0x14 .build/obj_preonic_rev3_drop_ed1ff/quantum/eeconfig.o
                0x0000000008003d1c                eeconfig_is_enabled
 .text.eeconfig_read_debug
                0x0000000008003d30        0x6 .build/obj_preonic_rev3_drop_ed1ff/quantum/eeconfig.o
                0x0000000008003d30                eeconfig_read_debug
 .text.eeconfig_read_default_layer
                0x0000000008003d36        0x6 .build/obj_preonic_rev3_drop_ed1ff/quantum/eeconfig.o
                0x0000000008003d36                eeconfig_read_default_layer
 .text.eeconfig_update_default_layer
                0x0000000008003d3c        0x8 .build/obj_preonic_rev3_drop_ed1ff/quantum/eeconfig.o
                0x0000000008003d3c                eeconfig_update_default_layer
 .text.eeconfig_read_keymap
                0x0000000008003d44       0x18 .build/obj_preonic_rev3_drop_ed1ff/quantum/eeconfig.o
                0x0000000008003d44                eeconfig_read_keymap
 .text.eeconfig_update_keymap
                0x0000000008003d5c       0x18 .build/obj_preonic_rev3_drop_ed1ff/quantum/eeconfig.o
                0x0000000008003d5c                eeconfig_update_keymap
 .text.eeconfig_read_audio
                0x0000000008003d74        0x6 .build/obj_preonic_rev3_drop_ed1ff/quantum/eeconfig.o
                0x0000000008003d74                eeconfig_read_audio
 .text.eeconfig_update_audio
                0x0000000008003d7a        0x8 .build/obj_preonic_rev3_drop_ed1ff/quantum/eeconfig.o
                0x0000000008003d7a                eeconfig_update_audio
 .text.eeconfig_update_kb
                0x0000000008003d82        0x8 .build/obj_preonic_rev3_drop_ed1ff/quantum/eeconfig.o
                0x0000000008003d82                eeconfig_update_kb
 .text.eeconfig_update_user
                0x0000000008003d8a        0x8 .build/obj_preonic_rev3_drop_ed1ff/quantum/eeconfig.o
                0x0000000008003d8a                eeconfig_update_user
 .text.eeconfig_init_user
                0x0000000008003d92        0x6 .build/obj_preonic_rev3_drop_ed1ff/quantum/eeconfig.o
                0x0000000008003d92                eeconfig_init_user
 .text.eeconfig_init_kb
                0x0000000008003d98        0xe .build/obj_preonic_rev3_drop_ed1ff/quantum/eeconfig.o
                0x0000000008003d98                eeconfig_init_kb
 *fill*         0x0000000008003da6        0x2 
 .text.eeconfig_init_quantum
                0x0000000008003da8       0x90 .build/obj_preonic_rev3_drop_ed1ff/quantum/eeconfig.o
                0x0000000008003da8                eeconfig_init_quantum
 .text.eeconfig_init
                0x0000000008003e38        0x4 .build/obj_preonic_rev3_drop_ed1ff/quantum/eeconfig.o
                0x0000000008003e38                eeconfig_init
 .text.eeconfig_update_handedness
                0x0000000008003e3c        0x8 .build/obj_preonic_rev3_drop_ed1ff/quantum/eeconfig.o
                0x0000000008003e3c                eeconfig_update_handedness
 .text.last_matrix_activity_trigger
                0x0000000008003e44       0x18 .build/obj_preonic_rev3_drop_ed1ff/quantum/keyboard.o
                0x0000000008003e44                last_matrix_activity_trigger
 .text.last_encoder_activity_trigger
                0x0000000008003e5c       0x18 .build/obj_preonic_rev3_drop_ed1ff/quantum/keyboard.o
                0x0000000008003e5c                last_encoder_activity_trigger
 .text.matrix_setup
                0x0000000008003e74        0x2 .build/obj_preonic_rev3_drop_ed1ff/quantum/keyboard.o
                0x0000000008003e74                matrix_setup
 .text.keyboard_pre_init_user
                0x0000000008003e76        0x2 .build/obj_preonic_rev3_drop_ed1ff/quantum/keyboard.o
                0x0000000008003e76                keyboard_pre_init_user
 .text.keyboard_pre_init_kb
                0x0000000008003e78        0x8 .build/obj_preonic_rev3_drop_ed1ff/quantum/keyboard.o
                0x0000000008003e78                keyboard_pre_init_kb
 .text.keyboard_post_init_user
                0x0000000008003e80        0x2 .build/obj_preonic_rev3_drop_ed1ff/quantum/keyboard.o
                0x0000000008003e80                keyboard_post_init_user
 .text.keyboard_post_init_kb
                0x0000000008003e82        0x8 .build/obj_preonic_rev3_drop_ed1ff/quantum/keyboard.o
                0x0000000008003e82                keyboard_post_init_kb
 *fill*         0x0000000008003e8a        0x2 
 .text.keyboard_setup
                0x0000000008003e8c       0x1c .build/obj_preonic_rev3_drop_ed1ff/quantum/keyboard.o
                0x0000000008003e8c                keyboard_setup
 .text.is_keyboard_master
                0x0000000008003ea8        0x4 .build/obj_preonic_rev3_drop_ed1ff/quantum/keyboard.o
                0x0000000008003ea8                is_keyboard_master
 .text.should_process_keypress
                0x0000000008003eac        0x8 .build/obj_preonic_rev3_drop_ed1ff/quantum/keyboard.o
                0x0000000008003eac                should_process_keypress
 .text.housekeeping_task_kb
                0x0000000008003eb4        0x2 .build/obj_preonic_rev3_drop_ed1ff/quantum/keyboard.o
                0x0000000008003eb4                housekeeping_task_kb
 .text.housekeeping_task_user
                0x0000000008003eb6        0x2 .build/obj_preonic_rev3_drop_ed1ff/quantum/keyboard.o
                0x0000000008003eb6                housekeeping_task_user
 .text.housekeeping_task
                0x0000000008003eb8        0xc .build/obj_preonic_rev3_drop_ed1ff/quantum/keyboard.o
                0x0000000008003eb8                housekeeping_task
 .text.keyboard_init
                0x0000000008003ec4       0x1c .build/obj_preonic_rev3_drop_ed1ff/quantum/keyboard.o
                0x0000000008003ec4                keyboard_init
 .text.keyboard_set_leds
                0x0000000008003ee0       0x4c .build/obj_preonic_rev3_drop_ed1ff/quantum/keyboard.o
                0x0000000008003ee0                keyboard_set_leds
 .text.keyboard_task
                0x0000000008003f2c      0x10c .build/obj_preonic_rev3_drop_ed1ff/quantum/keyboard.o
                0x0000000008003f2c                keyboard_task
 .text.action_get_macro
                0x0000000008004038        0x4 .build/obj_preonic_rev3_drop_ed1ff/quantum/keymap_common.o
                0x0000000008004038                action_get_macro
 .text.action_function
                0x000000000800403c        0x2 .build/obj_preonic_rev3_drop_ed1ff/quantum/keymap_common.o
                0x000000000800403c                action_function
 *fill*         0x000000000800403e        0x2 
 .text.keymap_key_to_keycode
                0x0000000008004040       0x24 .build/obj_preonic_rev3_drop_ed1ff/quantum/keymap_common.o
                0x0000000008004040                keymap_key_to_keycode
 .text.keymap_function_id_to_action
                0x0000000008004064        0xc .build/obj_preonic_rev3_drop_ed1ff/quantum/keymap_common.o
                0x0000000008004064                keymap_function_id_to_action
 .text.action_for_keycode
                0x0000000008004070      0x19c .build/obj_preonic_rev3_drop_ed1ff/quantum/keymap_common.o
                0x0000000008004070                action_for_keycode
 .text.action_for_key
                0x000000000800420c       0x16 .build/obj_preonic_rev3_drop_ed1ff/quantum/keymap_common.o
                0x000000000800420c                action_for_key
 *fill*         0x0000000008004222        0x2 
 .text.keycode_config
                0x0000000008004224      0x100 .build/obj_preonic_rev3_drop_ed1ff/quantum/keycode_config.o
                0x0000000008004224                keycode_config
 .text.mod_config
                0x0000000008004324       0xac .build/obj_preonic_rev3_drop_ed1ff/quantum/keycode_config.o
                0x0000000008004324                mod_config
 .text.null_sendchar_func
                0x00000000080043d0        0x4 .build/obj_preonic_rev3_drop_ed1ff/quantum/logging/print.o
 .text.print_set_sendchar
                0x00000000080043d4        0xc .build/obj_preonic_rev3_drop_ed1ff/quantum/logging/print.o
                0x00000000080043d4                print_set_sendchar
 .text._putchar
                0x00000000080043e0        0xc .build/obj_preonic_rev3_drop_ed1ff/quantum/logging/print.o
                0x00000000080043e0                _putchar
 .text.bootmagic_lite_reset_eeprom
                0x00000000080043ec        0x4 .build/obj_preonic_rev3_drop_ed1ff/quantum/bootmagic/bootmagic_lite.o
                0x00000000080043ec                bootmagic_lite_reset_eeprom
 .text.bootmagic_lite
                0x00000000080043f0       0x28 .build/obj_preonic_rev3_drop_ed1ff/quantum/bootmagic/bootmagic_lite.o
                0x00000000080043f0                bootmagic_lite
 .text.bootmagic
                0x0000000008004418        0x8 .build/obj_preonic_rev3_drop_ed1ff/quantum/bootmagic/bootmagic_lite.o
                0x0000000008004418                bootmagic
 .text.magic    0x0000000008004420       0x40 .build/obj_preonic_rev3_drop_ed1ff/quantum/bootmagic/magic.o
                0x0000000008004420                magic
 .text.startup.main
                0x0000000008004460       0x18 .build/obj_preonic_rev3_drop_ed1ff/quantum/main.o
                0x0000000008004460                main
 .text._out_null
                0x0000000008004478        0x2 .build/obj_preonic_rev3_drop_ed1ff/lib/printf/printf.o
 .text._ntoa_long
                0x000000000800447a      0x1e6 .build/obj_preonic_rev3_drop_ed1ff/lib/printf/printf.o
 .text._out_char
                0x0000000008004660        0x8 .build/obj_preonic_rev3_drop_ed1ff/lib/printf/printf.o
 .text._vsnprintf
                0x0000000008004668      0x45c .build/obj_preonic_rev3_drop_ed1ff/lib/printf/printf.o
 .text.printf_  0x0000000008004ac4       0x28 .build/obj_preonic_rev3_drop_ed1ff/lib/printf/printf.o
                0x0000000008004ac4                printf_
 .text.mousekey_param_print
                0x0000000008004aec       0x48 .build/obj_preonic_rev3_drop_ed1ff/quantum/command.o
 .text.mousekey_console
                0x0000000008004b34      0x1f0 .build/obj_preonic_rev3_drop_ed1ff/quantum/command.o
 .text.switch_default_layer
                0x0000000008004d24       0x20 .build/obj_preonic_rev3_drop_ed1ff/quantum/command.o
 .text.command_common
                0x0000000008004d44      0x2a8 .build/obj_preonic_rev3_drop_ed1ff/quantum/command.o
 .text.command_extra
                0x0000000008004fec        0x4 .build/obj_preonic_rev3_drop_ed1ff/quantum/command.o
                0x0000000008004fec                command_extra
 .text.command_console_extra
                0x0000000008004ff0        0x4 .build/obj_preonic_rev3_drop_ed1ff/quantum/command.o
                0x0000000008004ff0                command_console_extra
 .text.command_proc
                0x0000000008004ff4       0xb4 .build/obj_preonic_rev3_drop_ed1ff/quantum/command.o
                0x0000000008004ff4                command_proc
 .text.compute_freq_for_midi_note
                0x00000000080050a8       0x4c .build/obj_preonic_rev3_drop_ed1ff/quantum/process_keycode/process_audio.o
                0x00000000080050a8                compute_freq_for_midi_note
 .text.process_audio
                0x00000000080050f4       0x74 .build/obj_preonic_rev3_drop_ed1ff/quantum/process_keycode/process_audio.o
                0x00000000080050f4                process_audio
 .text.process_audio_noteon
                0x0000000008005168        0xe .build/obj_preonic_rev3_drop_ed1ff/quantum/process_keycode/process_audio.o
                0x0000000008005168                process_audio_noteon
 .text.process_audio_noteoff
                0x0000000008005176        0xe .build/obj_preonic_rev3_drop_ed1ff/quantum/process_keycode/process_audio.o
                0x0000000008005176                process_audio_noteoff
 .text.process_audio_all_notes_off
                0x0000000008005184        0x4 .build/obj_preonic_rev3_drop_ed1ff/quantum/process_keycode/process_audio.o
                0x0000000008005184                process_audio_all_notes_off
 .text.audio_on_user
                0x0000000008005188        0x2 .build/obj_preonic_rev3_drop_ed1ff/quantum/process_keycode/process_audio.o
                0x0000000008005188                audio_on_user
 *fill*         0x000000000800518a        0x2 
 .text.audio_is_on
                0x000000000800518c       0x10 .build/obj_preonic_rev3_drop_ed1ff/quantum/audio/audio.o
                0x000000000800518c                audio_is_on
 .text.audio_stop_all
                0x000000000800519c       0x54 .build/obj_preonic_rev3_drop_ed1ff/quantum/audio/audio.o
                0x000000000800519c                audio_stop_all
 .text.audio_get_processed_frequency
                0x00000000080051f0       0x3c .build/obj_preonic_rev3_drop_ed1ff/quantum/audio/audio.o
                0x00000000080051f0                audio_get_processed_frequency
 .text.audio_duration_to_ms
                0x000000000800522c       0x44 .build/obj_preonic_rev3_drop_ed1ff/quantum/audio/audio.o
                0x000000000800522c                audio_duration_to_ms
 .text.audio_play_melody
                0x0000000008005270       0xb8 .build/obj_preonic_rev3_drop_ed1ff/quantum/audio/audio.o
                0x0000000008005270                audio_play_melody
 .text.audio_startup
                0x0000000008005328       0x2c .build/obj_preonic_rev3_drop_ed1ff/quantum/audio/audio.o
                0x0000000008005328                audio_startup
 .text.audio_init
                0x0000000008005354       0x5c .build/obj_preonic_rev3_drop_ed1ff/quantum/audio/audio.o
                0x0000000008005354                audio_init
 .text.audio_stop_tone
                0x00000000080053b0       0xb8 .build/obj_preonic_rev3_drop_ed1ff/quantum/audio/audio.o
                0x00000000080053b0                audio_stop_tone
 .text.audio_play_note
                0x0000000008005468      0x108 .build/obj_preonic_rev3_drop_ed1ff/quantum/audio/audio.o
                0x0000000008005468                audio_play_note
 .text.audio_play_tone
                0x0000000008005570        0x8 .build/obj_preonic_rev3_drop_ed1ff/quantum/audio/audio.o
                0x0000000008005570                audio_play_tone
 .text.audio_on
                0x0000000008005578       0x2c .build/obj_preonic_rev3_drop_ed1ff/quantum/audio/audio.o
                0x0000000008005578                audio_on
 .text.audio_off
                0x00000000080055a4       0x34 .build/obj_preonic_rev3_drop_ed1ff/quantum/audio/audio.o
                0x00000000080055a4                audio_off
 .text.audio_update_state
                0x00000000080055d8      0x1d4 .build/obj_preonic_rev3_drop_ed1ff/quantum/audio/audio.o
                0x00000000080055d8                audio_update_state
 .text.channel_1_start
                0x00000000080057ac       0x2c .build/obj_preonic_rev3_drop_ed1ff/quantum/audio/driver_chibios_dac_basic.o
                0x00000000080057ac                channel_1_start
 .text.channel_1_stop
                0x00000000080057d8       0x24 .build/obj_preonic_rev3_drop_ed1ff/quantum/audio/driver_chibios_dac_basic.o
                0x00000000080057d8                channel_1_stop
 .text.channel_1_set_frequency
                0x00000000080057fc       0x54 .build/obj_preonic_rev3_drop_ed1ff/quantum/audio/driver_chibios_dac_basic.o
                0x00000000080057fc                channel_1_set_frequency
 .text.channel_2_start
                0x0000000008005850       0x2c .build/obj_preonic_rev3_drop_ed1ff/quantum/audio/driver_chibios_dac_basic.o
                0x0000000008005850                channel_2_start
 .text.channel_2_stop
                0x000000000800587c       0x24 .build/obj_preonic_rev3_drop_ed1ff/quantum/audio/driver_chibios_dac_basic.o
                0x000000000800587c                channel_2_stop
 .text.channel_2_set_frequency
                0x00000000080058a0       0x54 .build/obj_preonic_rev3_drop_ed1ff/quantum/audio/driver_chibios_dac_basic.o
                0x00000000080058a0                channel_2_set_frequency
 .text.gpt_audio_state_cb
                0x00000000080058f4       0x22 .build/obj_preonic_rev3_drop_ed1ff/quantum/audio/driver_chibios_dac_basic.o
 *fill*         0x0000000008005916        0x2 
 .text.audio_driver_initialize
                0x0000000008005918       0x8c .build/obj_preonic_rev3_drop_ed1ff/quantum/audio/driver_chibios_dac_basic.o
                0x0000000008005918                audio_driver_initialize
 .text.audio_driver_stop
                0x00000000080059a4       0x50 .build/obj_preonic_rev3_drop_ed1ff/quantum/audio/driver_chibios_dac_basic.o
                0x00000000080059a4                audio_driver_stop
 .text.audio_driver_start
                0x00000000080059f4       0x48 .build/obj_preonic_rev3_drop_ed1ff/quantum/audio/driver_chibios_dac_basic.o
                0x00000000080059f4                audio_driver_start
 .text.voice_iterate
                0x0000000008005a3c        0xc .build/obj_preonic_rev3_drop_ed1ff/quantum/audio/voices.o
                0x0000000008005a3c                voice_iterate
 .text.voice_deiterate
                0x0000000008005a48        0xc .build/obj_preonic_rev3_drop_ed1ff/quantum/audio/voices.o
                0x0000000008005a48                voice_deiterate
 .text.voice_envelope
                0x0000000008005a54       0x14 .build/obj_preonic_rev3_drop_ed1ff/quantum/audio/voices.o
                0x0000000008005a54                voice_envelope
 .text.music_all_notes_off
                0x0000000008005a68       0x10 .build/obj_preonic_rev3_drop_ed1ff/quantum/process_keycode/process_music.o
                0x0000000008005a68                music_all_notes_off
 .text.music_off
                0x0000000008005a78       0x20 .build/obj_preonic_rev3_drop_ed1ff/quantum/process_keycode/process_music.o
                0x0000000008005a78                music_off
 .text.midi_off
                0x0000000008005a98       0x18 .build/obj_preonic_rev3_drop_ed1ff/quantum/process_keycode/process_music.o
                0x0000000008005a98                midi_off
 .text.music_mode_cycle
                0x0000000008005ab0       0x30 .build/obj_preonic_rev3_drop_ed1ff/quantum/process_keycode/process_music.o
                0x0000000008005ab0                music_mode_cycle
 .text.music_task
                0x0000000008005ae0       0x7c .build/obj_preonic_rev3_drop_ed1ff/quantum/process_keycode/process_music.o
                0x0000000008005ae0                music_task
 .text.music_on_user
                0x0000000008005b5c        0x2 .build/obj_preonic_rev3_drop_ed1ff/quantum/process_keycode/process_music.o
                0x0000000008005b5c                music_on_user
 *fill*         0x0000000008005b5e        0x2 
 .text.music_on
                0x0000000008005b60       0x20 .build/obj_preonic_rev3_drop_ed1ff/quantum/process_keycode/process_music.o
                0x0000000008005b60                music_on
 .text.midi_on_user
                0x0000000008005b80        0x2 .build/obj_preonic_rev3_drop_ed1ff/quantum/process_keycode/process_music.o
                0x0000000008005b80                midi_on_user
 *fill*         0x0000000008005b82        0x2 
 .text.midi_on  0x0000000008005b84       0x20 .build/obj_preonic_rev3_drop_ed1ff/quantum/process_keycode/process_music.o
                0x0000000008005b84                midi_on
 .text.process_music
                0x0000000008005ba4      0x208 .build/obj_preonic_rev3_drop_ed1ff/quantum/process_keycode/process_music.o
                0x0000000008005ba4                process_music
 .text.move_unit
                0x0000000008005dac       0x78 .build/obj_preonic_rev3_drop_ed1ff/quantum/mousekey.o
 .text.wheel_unit
                0x0000000008005e24       0x68 .build/obj_preonic_rev3_drop_ed1ff/quantum/mousekey.o
 .text.mousekey_on
                0x0000000008005e8c       0xbc .build/obj_preonic_rev3_drop_ed1ff/quantum/mousekey.o
                0x0000000008005e8c                mousekey_on
 .text.mousekey_off
                0x0000000008005f48       0xec .build/obj_preonic_rev3_drop_ed1ff/quantum/mousekey.o
                0x0000000008005f48                mousekey_off
 .text.mousekey_send
                0x0000000008006034       0xe8 .build/obj_preonic_rev3_drop_ed1ff/quantum/mousekey.o
                0x0000000008006034                mousekey_send
 .text.mousekey_task
                0x000000000800611c      0x184 .build/obj_preonic_rev3_drop_ed1ff/quantum/mousekey.o
                0x000000000800611c                mousekey_task
 .text.mousekey_clear
                0x00000000080062a0       0x28 .build/obj_preonic_rev3_drop_ed1ff/quantum/mousekey.o
                0x00000000080062a0                mousekey_clear
 .text.eeprom_clear
                0x00000000080062c8       0x40 .build/obj_preonic_rev3_drop_ed1ff/common/chibios/eeprom_stm32.o
 .text.eeprom_write_direct_entry
                0x0000000008006308       0x48 .build/obj_preonic_rev3_drop_ed1ff/common/chibios/eeprom_stm32.o
 .text.eeprom_compact
                0x0000000008006350       0x44 .build/obj_preonic_rev3_drop_ed1ff/common/chibios/eeprom_stm32.o
 .text.eeprom_write_log_word_entry
                0x0000000008006394       0x88 .build/obj_preonic_rev3_drop_ed1ff/common/chibios/eeprom_stm32.o
 .text.eeprom_write_log_byte_entry
                0x000000000800641c       0x48 .build/obj_preonic_rev3_drop_ed1ff/common/chibios/eeprom_stm32.o
 .text.EEPROM_Init
                0x0000000008006464       0x94 .build/obj_preonic_rev3_drop_ed1ff/common/chibios/eeprom_stm32.o
                0x0000000008006464                EEPROM_Init
 .text.EEPROM_Erase
                0x00000000080064f8        0xe .build/obj_preonic_rev3_drop_ed1ff/common/chibios/eeprom_stm32.o
                0x00000000080064f8                EEPROM_Erase
 *fill*         0x0000000008006506        0x2 
 .text.EEPROM_WriteDataByte
                0x0000000008006508       0x40 .build/obj_preonic_rev3_drop_ed1ff/common/chibios/eeprom_stm32.o
                0x0000000008006508                EEPROM_WriteDataByte
 .text.EEPROM_WriteDataWord
                0x0000000008006548       0x80 .build/obj_preonic_rev3_drop_ed1ff/common/chibios/eeprom_stm32.o
                0x0000000008006548                EEPROM_WriteDataWord
 .text.EEPROM_ReadDataByte
                0x00000000080065c8       0x14 .build/obj_preonic_rev3_drop_ed1ff/common/chibios/eeprom_stm32.o
                0x00000000080065c8                EEPROM_ReadDataByte
 .text.EEPROM_ReadDataWord
                0x00000000080065dc       0x28 .build/obj_preonic_rev3_drop_ed1ff/common/chibios/eeprom_stm32.o
                0x00000000080065dc                EEPROM_ReadDataWord
 .text.eeprom_read_byte
                0x0000000008006604        0x6 .build/obj_preonic_rev3_drop_ed1ff/common/chibios/eeprom_stm32.o
                0x0000000008006604                eeprom_read_byte
 .text.eeprom_update_byte
                0x000000000800660a        0x6 .build/obj_preonic_rev3_drop_ed1ff/common/chibios/eeprom_stm32.o
                0x000000000800660a                eeprom_update_byte
 .text.eeprom_read_word
                0x0000000008006610        0x6 .build/obj_preonic_rev3_drop_ed1ff/common/chibios/eeprom_stm32.o
                0x0000000008006610                eeprom_read_word
 .text.eeprom_update_word
                0x0000000008006616        0x6 .build/obj_preonic_rev3_drop_ed1ff/common/chibios/eeprom_stm32.o
                0x0000000008006616                eeprom_update_word
 .text.eeprom_read_dword
                0x000000000800661c       0x44 .build/obj_preonic_rev3_drop_ed1ff/common/chibios/eeprom_stm32.o
                0x000000000800661c                eeprom_read_dword
 .text.eeprom_write_dword
                0x0000000008006660       0x42 .build/obj_preonic_rev3_drop_ed1ff/common/chibios/eeprom_stm32.o
                0x0000000008006660                eeprom_write_dword
 .text.eeprom_update_dword
                0x00000000080066a2        0x4 .build/obj_preonic_rev3_drop_ed1ff/common/chibios/eeprom_stm32.o
                0x00000000080066a2                eeprom_update_dword
 *fill*         0x00000000080066a6        0x2 
 .text.FLASH_GetStatus
                0x00000000080066a8       0x34 .build/obj_preonic_rev3_drop_ed1ff/common/chibios/flash_stm32.o
                0x00000000080066a8                FLASH_GetStatus
 .text.FLASH_WaitForLastOperation
                0x00000000080066dc       0x38 .build/obj_preonic_rev3_drop_ed1ff/common/chibios/flash_stm32.o
                0x00000000080066dc                FLASH_WaitForLastOperation
 .text.FLASH_ErasePage
                0x0000000008006714       0x44 .build/obj_preonic_rev3_drop_ed1ff/common/chibios/flash_stm32.o
                0x0000000008006714                FLASH_ErasePage
 .text.FLASH_ProgramHalfWord
                0x0000000008006758       0x4c .build/obj_preonic_rev3_drop_ed1ff/common/chibios/flash_stm32.o
                0x0000000008006758                FLASH_ProgramHalfWord
 .text.FLASH_Unlock
                0x00000000080067a4       0x1c .build/obj_preonic_rev3_drop_ed1ff/common/chibios/flash_stm32.o
                0x00000000080067a4                FLASH_Unlock
 .text.FLASH_Lock
                0x00000000080067c0       0x10 .build/obj_preonic_rev3_drop_ed1ff/common/chibios/flash_stm32.o
                0x00000000080067c0                FLASH_Lock
 .text.hsv_to_rgb_impl
                0x00000000080067d0       0xd8 .build/obj_preonic_rev3_drop_ed1ff/quantum/color.o
                0x00000000080067d0                hsv_to_rgb_impl
 .text.hsv_to_rgb
                0x00000000080068a8        0xa .build/obj_preonic_rev3_drop_ed1ff/quantum/color.o
                0x00000000080068a8                hsv_to_rgb
 .text.rgblight_effect_dummy
                0x00000000080068b2        0x2 .build/obj_preonic_rev3_drop_ed1ff/quantum/rgblight/rgblight.o
 .text.rgblight_hsv_to_rgb
                0x00000000080068b4        0x8 .build/obj_preonic_rev3_drop_ed1ff/quantum/rgblight/rgblight.o
                0x00000000080068b4                rgblight_hsv_to_rgb
 .text.sethsv_raw
                0x00000000080068bc       0x28 .build/obj_preonic_rev3_drop_ed1ff/quantum/rgblight/rgblight.o
                0x00000000080068bc                sethsv_raw
 .text.rgblight_check_config
                0x00000000080068e4       0x20 .build/obj_preonic_rev3_drop_ed1ff/quantum/rgblight/rgblight.o
                0x00000000080068e4                rgblight_check_config
 .text.eeconfig_read_rgblight
                0x0000000008006904        0x6 .build/obj_preonic_rev3_drop_ed1ff/quantum/rgblight/rgblight.o
                0x0000000008006904                eeconfig_read_rgblight
 .text.eeconfig_update_rgblight
                0x000000000800690a       0x16 .build/obj_preonic_rev3_drop_ed1ff/quantum/rgblight/rgblight.o
                0x000000000800690a                eeconfig_update_rgblight
 .text.eeconfig_update_rgblight_default
                0x0000000008006920       0x18 .build/obj_preonic_rev3_drop_ed1ff/quantum/rgblight/rgblight.o
                0x0000000008006920                eeconfig_update_rgblight_default
 .text.eeconfig_debug_rgblight
                0x0000000008006938       0x98 .build/obj_preonic_rev3_drop_ed1ff/quantum/rgblight/rgblight.o
                0x0000000008006938                eeconfig_debug_rgblight
 .text.rgblight_get_mode
                0x00000000080069d0       0x14 .build/obj_preonic_rev3_drop_ed1ff/quantum/rgblight/rgblight.o
                0x00000000080069d0                rgblight_get_mode
 .text.rgblight_increase_speed_helper
                0x00000000080069e4       0x1c .build/obj_preonic_rev3_drop_ed1ff/quantum/rgblight/rgblight.o
                0x00000000080069e4                rgblight_increase_speed_helper
 .text.rgblight_increase_speed
                0x0000000008006a00        0x6 .build/obj_preonic_rev3_drop_ed1ff/quantum/rgblight/rgblight.o
                0x0000000008006a00                rgblight_increase_speed
 *fill*         0x0000000008006a06        0x2 
 .text.rgblight_decrease_speed_helper
                0x0000000008006a08       0x18 .build/obj_preonic_rev3_drop_ed1ff/quantum/rgblight/rgblight.o
                0x0000000008006a08                rgblight_decrease_speed_helper
 .text.rgblight_decrease_speed
                0x0000000008006a20        0x6 .build/obj_preonic_rev3_drop_ed1ff/quantum/rgblight/rgblight.o
                0x0000000008006a20                rgblight_decrease_speed
 .text.rgblight_call_driver
                0x0000000008006a26        0x4 .build/obj_preonic_rev3_drop_ed1ff/quantum/rgblight/rgblight.o
                0x0000000008006a26                rgblight_call_driver
 *fill*         0x0000000008006a2a        0x2 
 .text.rgblight_set
                0x0000000008006a2c       0x50 .build/obj_preonic_rev3_drop_ed1ff/quantum/rgblight/rgblight.o
                0x0000000008006a2c                rgblight_set
 .text.rgblight_setrgb
                0x0000000008006a7c       0x48 .build/obj_preonic_rev3_drop_ed1ff/quantum/rgblight/rgblight.o
                0x0000000008006a7c                rgblight_setrgb
 .text.rgblight_sethsv_noeeprom_old
                0x0000000008006ac4       0x2c .build/obj_preonic_rev3_drop_ed1ff/quantum/rgblight/rgblight.o
                0x0000000008006ac4                rgblight_sethsv_noeeprom_old
 .text.rgblight_effect_breathing
                0x0000000008006af0       0x24 .build/obj_preonic_rev3_drop_ed1ff/quantum/rgblight/rgblight.o
                0x0000000008006af0                rgblight_effect_breathing
 .text.rgblight_effect_rainbow_mood
                0x0000000008006b14       0x1c .build/obj_preonic_rev3_drop_ed1ff/quantum/rgblight/rgblight.o
                0x0000000008006b14                rgblight_effect_rainbow_mood
 .text.rgblight_effect_rgbtest
                0x0000000008006b30       0x60 .build/obj_preonic_rev3_drop_ed1ff/quantum/rgblight/rgblight.o
                0x0000000008006b30                rgblight_effect_rgbtest
 .text.rgblight_sethsv_eeprom_helper
                0x0000000008006b90      0x158 .build/obj_preonic_rev3_drop_ed1ff/quantum/rgblight/rgblight.o
                0x0000000008006b90                rgblight_sethsv_eeprom_helper
 .text.rgblight_increase_hue_helper
                0x0000000008006ce8       0x1c .build/obj_preonic_rev3_drop_ed1ff/quantum/rgblight/rgblight.o
                0x0000000008006ce8                rgblight_increase_hue_helper
 .text.rgblight_increase_hue
                0x0000000008006d04        0x6 .build/obj_preonic_rev3_drop_ed1ff/quantum/rgblight/rgblight.o
                0x0000000008006d04                rgblight_increase_hue
 *fill*         0x0000000008006d0a        0x2 
 .text.rgblight_decrease_hue_helper
                0x0000000008006d0c       0x1c .build/obj_preonic_rev3_drop_ed1ff/quantum/rgblight/rgblight.o
                0x0000000008006d0c                rgblight_decrease_hue_helper
 .text.rgblight_decrease_hue
                0x0000000008006d28        0x6 .build/obj_preonic_rev3_drop_ed1ff/quantum/rgblight/rgblight.o
                0x0000000008006d28                rgblight_decrease_hue
 *fill*         0x0000000008006d2e        0x2 
 .text.rgblight_increase_sat_helper
                0x0000000008006d30       0x24 .build/obj_preonic_rev3_drop_ed1ff/quantum/rgblight/rgblight.o
                0x0000000008006d30                rgblight_increase_sat_helper
 .text.rgblight_increase_sat
                0x0000000008006d54        0x6 .build/obj_preonic_rev3_drop_ed1ff/quantum/rgblight/rgblight.o
                0x0000000008006d54                rgblight_increase_sat
 *fill*         0x0000000008006d5a        0x2 
 .text.rgblight_decrease_sat_helper
                0x0000000008006d5c       0x20 .build/obj_preonic_rev3_drop_ed1ff/quantum/rgblight/rgblight.o
                0x0000000008006d5c                rgblight_decrease_sat_helper
 .text.rgblight_decrease_sat
                0x0000000008006d7c        0x6 .build/obj_preonic_rev3_drop_ed1ff/quantum/rgblight/rgblight.o
                0x0000000008006d7c                rgblight_decrease_sat
 *fill*         0x0000000008006d82        0x2 
 .text.rgblight_increase_val_helper
                0x0000000008006d84       0x24 .build/obj_preonic_rev3_drop_ed1ff/quantum/rgblight/rgblight.o
                0x0000000008006d84                rgblight_increase_val_helper
 .text.rgblight_increase_val
                0x0000000008006da8        0x6 .build/obj_preonic_rev3_drop_ed1ff/quantum/rgblight/rgblight.o
                0x0000000008006da8                rgblight_increase_val
 *fill*         0x0000000008006dae        0x2 
 .text.rgblight_decrease_val_helper
                0x0000000008006db0       0x20 .build/obj_preonic_rev3_drop_ed1ff/quantum/rgblight/rgblight.o
                0x0000000008006db0                rgblight_decrease_val_helper
 .text.rgblight_decrease_val
                0x0000000008006dd0        0x6 .build/obj_preonic_rev3_drop_ed1ff/quantum/rgblight/rgblight.o
                0x0000000008006dd0                rgblight_decrease_val
 .text.rgblight_sethsv_noeeprom
                0x0000000008006dd6        0x6 .build/obj_preonic_rev3_drop_ed1ff/quantum/rgblight/rgblight.o
                0x0000000008006dd6                rgblight_sethsv_noeeprom
 .text.rgblight_effect_rainbow_swirl
                0x0000000008006ddc       0x64 .build/obj_preonic_rev3_drop_ed1ff/quantum/rgblight/rgblight.o
                0x0000000008006ddc                rgblight_effect_rainbow_swirl
 .text.rgblight_effect_snake
                0x0000000008006e40       0xd8 .build/obj_preonic_rev3_drop_ed1ff/quantum/rgblight/rgblight.o
                0x0000000008006e40                rgblight_effect_snake
 .text.rgblight_effect_knight
                0x0000000008006f18       0xcc .build/obj_preonic_rev3_drop_ed1ff/quantum/rgblight/rgblight.o
                0x0000000008006f18                rgblight_effect_knight
 .text.rgblight_effect_christmas
                0x0000000008006fe4       0xb4 .build/obj_preonic_rev3_drop_ed1ff/quantum/rgblight/rgblight.o
                0x0000000008006fe4                rgblight_effect_christmas
 .text.rgblight_effect_alternating
                0x0000000008007098       0x68 .build/obj_preonic_rev3_drop_ed1ff/quantum/rgblight/rgblight.o
                0x0000000008007098                rgblight_effect_alternating
 .text.rgblight_timer_enable
                0x0000000008007100       0x4c .build/obj_preonic_rev3_drop_ed1ff/quantum/rgblight/rgblight.o
                0x0000000008007100                rgblight_timer_enable
 .text.rgblight_timer_disable
                0x000000000800714c       0x24 .build/obj_preonic_rev3_drop_ed1ff/quantum/rgblight/rgblight.o
                0x000000000800714c                rgblight_timer_disable
 .text.rgblight_mode_eeprom_helper
                0x0000000008007170       0x90 .build/obj_preonic_rev3_drop_ed1ff/quantum/rgblight/rgblight.o
                0x0000000008007170                rgblight_mode_eeprom_helper
 .text.rgblight_step_helper
                0x0000000008007200       0x1c .build/obj_preonic_rev3_drop_ed1ff/quantum/rgblight/rgblight.o
                0x0000000008007200                rgblight_step_helper
 .text.rgblight_step
                0x000000000800721c        0x6 .build/obj_preonic_rev3_drop_ed1ff/quantum/rgblight/rgblight.o
                0x000000000800721c                rgblight_step
 *fill*         0x0000000008007222        0x2 
 .text.rgblight_step_reverse_helper
                0x0000000008007224       0x20 .build/obj_preonic_rev3_drop_ed1ff/quantum/rgblight/rgblight.o
                0x0000000008007224                rgblight_step_reverse_helper
 .text.rgblight_step_reverse
                0x0000000008007244        0x6 .build/obj_preonic_rev3_drop_ed1ff/quantum/rgblight/rgblight.o
                0x0000000008007244                rgblight_step_reverse
 .text.rgblight_mode
                0x000000000800724a        0x6 .build/obj_preonic_rev3_drop_ed1ff/quantum/rgblight/rgblight.o
                0x000000000800724a                rgblight_mode
 .text.rgblight_enable
                0x0000000008007250       0x34 .build/obj_preonic_rev3_drop_ed1ff/quantum/rgblight/rgblight.o
                0x0000000008007250                rgblight_enable
 .text.rgblight_mode_noeeprom
                0x0000000008007284        0x6 .build/obj_preonic_rev3_drop_ed1ff/quantum/rgblight/rgblight.o
                0x0000000008007284                rgblight_mode_noeeprom
 *fill*         0x000000000800728a        0x2 
 .text.rgblight_init
                0x000000000800728c       0xa4 .build/obj_preonic_rev3_drop_ed1ff/quantum/rgblight/rgblight.o
                0x000000000800728c                rgblight_init
 .text.rgblight_disable
                0x0000000008007330       0x48 .build/obj_preonic_rev3_drop_ed1ff/quantum/rgblight/rgblight.o
                0x0000000008007330                rgblight_disable
 .text.rgblight_toggle
                0x0000000008007378       0x40 .build/obj_preonic_rev3_drop_ed1ff/quantum/rgblight/rgblight.o
                0x0000000008007378                rgblight_toggle
 .text.rgblight_task
                0x00000000080073b8      0x100 .build/obj_preonic_rev3_drop_ed1ff/quantum/rgblight/rgblight.o
                0x00000000080073b8                rgblight_task
 .text.handleKeycodeRGB
                0x00000000080074b8        0x6 .build/obj_preonic_rev3_drop_ed1ff/quantum/process_keycode/process_rgb.o
 .text.handleKeycodeRGBMode
                0x00000000080074be       0x28 .build/obj_preonic_rev3_drop_ed1ff/quantum/process_keycode/process_rgb.o
 *fill*         0x00000000080074e6        0x2 
 .text.process_rgb
                0x00000000080074e8      0x100 .build/obj_preonic_rev3_drop_ed1ff/quantum/process_keycode/process_rgb.o
                0x00000000080074e8                process_rgb
 .text.ws2812_init
                0x00000000080075e8       0x88 .build/obj_preonic_rev3_drop_ed1ff/ws2812_pwm.o
                0x00000000080075e8                ws2812_init
 .text.ws2812_write_led
                0x0000000008007670       0x50 .build/obj_preonic_rev3_drop_ed1ff/ws2812_pwm.o
                0x0000000008007670                ws2812_write_led
 .text.ws2812_setleds
                0x00000000080076c0       0x3c .build/obj_preonic_rev3_drop_ed1ff/ws2812_pwm.o
                0x00000000080076c0                ws2812_setleds
 .text.encoder_update_kb
                0x00000000080076fc        0x8 .build/obj_preonic_rev3_drop_ed1ff/quantum/encoder.o
                0x00000000080076fc                encoder_update_kb
 .text.encoder_init
                0x0000000008007704       0x3c .build/obj_preonic_rev3_drop_ed1ff/quantum/encoder.o
                0x0000000008007704                encoder_init
 .text.encoder_read
                0x0000000008007740       0x90 .build/obj_preonic_rev3_drop_ed1ff/quantum/encoder.o
                0x0000000008007740                encoder_read
 .text.dip_switch_update_kb
                0x00000000080077d0        0x8 .build/obj_preonic_rev3_drop_ed1ff/quantum/dip_switch.o
                0x00000000080077d0                dip_switch_update_kb
 .text.dip_switch_update_mask_user
                0x00000000080077d8        0x4 .build/obj_preonic_rev3_drop_ed1ff/quantum/dip_switch.o
                0x00000000080077d8                dip_switch_update_mask_user
 .text.dip_switch_update_mask_kb
                0x00000000080077dc        0x8 .build/obj_preonic_rev3_drop_ed1ff/quantum/dip_switch.o
                0x00000000080077dc                dip_switch_update_mask_kb
 .text.dip_switch_read
                0x00000000080077e4       0x74 .build/obj_preonic_rev3_drop_ed1ff/quantum/dip_switch.o
                0x00000000080077e4                dip_switch_read
 .text.dip_switch_init
                0x0000000008007858       0x34 .build/obj_preonic_rev3_drop_ed1ff/quantum/dip_switch.o
                0x0000000008007858                dip_switch_init
 .text.perform_space_cadet
                0x000000000800788c       0xb8 .build/obj_preonic_rev3_drop_ed1ff/quantum/process_keycode/process_space_cadet.o
                0x000000000800788c                perform_space_cadet
 .text.process_space_cadet
                0x0000000008007944       0xb4 .build/obj_preonic_rev3_drop_ed1ff/quantum/process_keycode/process_space_cadet.o
                0x0000000008007944                process_space_cadet
 .text.process_magic
                0x00000000080079f8      0x220 .build/obj_preonic_rev3_drop_ed1ff/quantum/process_keycode/process_magic.o
                0x00000000080079f8                process_magic
 .text.process_grave_esc
                0x0000000008007c18       0x4c .build/obj_preonic_rev3_drop_ed1ff/quantum/process_keycode/process_grave_esc.o
                0x0000000008007c18                process_grave_esc
 .text.host_set_driver
                0x0000000008007c64        0xc .build/obj_preonic_rev3_drop_ed1ff/common/host.o
                0x0000000008007c64                host_set_driver
 .text.host_keyboard_leds
                0x0000000008007c70       0x10 .build/obj_preonic_rev3_drop_ed1ff/common/host.o
                0x0000000008007c70                host_keyboard_leds
 .text.host_keyboard_send
                0x0000000008007c80       0x84 .build/obj_preonic_rev3_drop_ed1ff/common/host.o
                0x0000000008007c80                host_keyboard_send
 .text.host_mouse_send
                0x0000000008007d04       0x14 .build/obj_preonic_rev3_drop_ed1ff/common/host.o
                0x0000000008007d04                host_mouse_send
 .text.host_system_send
                0x0000000008007d18       0x20 .build/obj_preonic_rev3_drop_ed1ff/common/host.o
                0x0000000008007d18                host_system_send
 .text.host_consumer_send
                0x0000000008007d38       0x20 .build/obj_preonic_rev3_drop_ed1ff/common/host.o
                0x0000000008007d38                host_consumer_send
 .text.has_anykey
                0x0000000008007d58       0x3c .build/obj_preonic_rev3_drop_ed1ff/common/report.o
                0x0000000008007d58                has_anykey
 .text.is_key_pressed
                0x0000000008007d94       0x54 .build/obj_preonic_rev3_drop_ed1ff/common/report.o
                0x0000000008007d94                is_key_pressed
 .text.add_key_byte
                0x0000000008007de8       0x32 .build/obj_preonic_rev3_drop_ed1ff/common/report.o
                0x0000000008007de8                add_key_byte
 .text.del_key_byte
                0x0000000008007e1a       0x1a .build/obj_preonic_rev3_drop_ed1ff/common/report.o
                0x0000000008007e1a                del_key_byte
 .text.add_key_bit
                0x0000000008007e34       0x34 .build/obj_preonic_rev3_drop_ed1ff/common/report.o
                0x0000000008007e34                add_key_bit
 .text.del_key_bit
                0x0000000008007e68       0x34 .build/obj_preonic_rev3_drop_ed1ff/common/report.o
                0x0000000008007e68                del_key_bit
 .text.add_key_to_report
                0x0000000008007e9c       0x34 .build/obj_preonic_rev3_drop_ed1ff/common/report.o
                0x0000000008007e9c                add_key_to_report
 .text.del_key_from_report
                0x0000000008007ed0       0x34 .build/obj_preonic_rev3_drop_ed1ff/common/report.o
                0x0000000008007ed0                del_key_from_report
 .text.clear_keys_from_report
                0x0000000008007f04       0x30 .build/obj_preonic_rev3_drop_ed1ff/common/report.o
                0x0000000008007f04                clear_keys_from_report
 .text.platform_setup
                0x0000000008007f34        0xe .build/obj_preonic_rev3_drop_ed1ff/common/chibios/platform.o
                0x0000000008007f34                platform_setup
 .text.suspend_power_down_user
                0x0000000008007f42        0x2 .build/obj_preonic_rev3_drop_ed1ff/common/chibios/suspend.o
                0x0000000008007f42                suspend_power_down_user
 .text.suspend_power_down_kb
                0x0000000008007f44        0x8 .build/obj_preonic_rev3_drop_ed1ff/common/chibios/suspend.o
                0x0000000008007f44                suspend_power_down_kb
 .text.suspend_power_down
                0x0000000008007f4c       0x1a .build/obj_preonic_rev3_drop_ed1ff/common/chibios/suspend.o
                0x0000000008007f4c                suspend_power_down
 .text.matrix_power_up
                0x0000000008007f66        0x2 .build/obj_preonic_rev3_drop_ed1ff/common/chibios/suspend.o
                0x0000000008007f66                matrix_power_up
 .text.matrix_power_down
                0x0000000008007f68        0x2 .build/obj_preonic_rev3_drop_ed1ff/common/chibios/suspend.o
                0x0000000008007f68                matrix_power_down
 .text.suspend_wakeup_condition
                0x0000000008007f6a       0x24 .build/obj_preonic_rev3_drop_ed1ff/common/chibios/suspend.o
                0x0000000008007f6a                suspend_wakeup_condition
 .text.suspend_wakeup_init_user
                0x0000000008007f8e        0x2 .build/obj_preonic_rev3_drop_ed1ff/common/chibios/suspend.o
                0x0000000008007f8e                suspend_wakeup_init_user
 .text.suspend_wakeup_init_kb
                0x0000000008007f90        0x8 .build/obj_preonic_rev3_drop_ed1ff/common/chibios/suspend.o
                0x0000000008007f90                suspend_wakeup_init_kb
 .text.suspend_wakeup_init
                0x0000000008007f98       0x2c .build/obj_preonic_rev3_drop_ed1ff/common/chibios/suspend.o
                0x0000000008007f98                suspend_wakeup_init
 .text.timer_clear
                0x0000000008007fc4       0x2c .build/obj_preonic_rev3_drop_ed1ff/common/chibios/timer.o
                0x0000000008007fc4                timer_clear
 .text.timer_init